Archive member included because of file (symbol)

lib/libstm32f0.a(stm32f0xx_adc.o)
                              build/obj/adc_start.o (ADC_Init)
lib/libstm32f0.a(stm32f0xx_crc.o)
                              build/obj/settings.o (CRC_CalcBlockCRC)
lib/libstm32f0.a(stm32f0xx_dma.o)
                              build/obj/adc_start.o (DMA_DeInit)
lib/libstm32f0.a(stm32f0xx_flash.o)
                              build/obj/settings.o (FLASH_Unlock)
lib/libstm32f0.a(stm32f0xx_i2c.o)
                              build/obj/communications.o (I2C_Init)
lib/libstm32f0.a(stm32f0xx_misc.o)
                              build/obj/sensors.o (NVIC_Init)
lib/libstm32f0.a(stm32f0xx_rcc.o)
                              build/obj/adc_start.o (RCC_HSI14Cmd)
lib/libstm32f0.a(stm32f0xx_spi.o)
                              build/obj/communications.o (SPI_Init)
lib/libstm32f0.a(stm32f0xx_syscfg.o)
                              build/obj/communications.o (SYSCFG_DMAChannelRemapConfig)
lib/libstm32f0.a(stm32f0xx_tim.o)
                              build/obj/ignition.o (TIM_TimeBaseInit)
lib/libstm32f0.a(stm32f0xx_usart.o)
                              build/obj/communications.o (USART_Init)
lib/libstm32f0.a(stm32f0xx_wwdg.o)
                              build/obj/main.o (WWDG_SetPrescaler)
/media/data/src/x-tools/gcc-arm-none-eabi-4_7-2013q1/bin/../lib/gcc/arm-none-eabi/4.7.3/armv6-m/libgcc.a(_thumb1_case_uqi.o)
                              build/obj/light.o (__gnu_thumb1_case_uqi)
/media/data/src/x-tools/gcc-arm-none-eabi-4_7-2013q1/bin/../lib/gcc/arm-none-eabi/4.7.3/armv6-m/libgcc.a(_udivsi3.o)
                              build/obj/display.o (__aeabi_uidiv)
/media/data/src/x-tools/gcc-arm-none-eabi-4_7-2013q1/bin/../lib/gcc/arm-none-eabi/4.7.3/armv6-m/libgcc.a(_divsi3.o)
                              build/obj/sensors.o (__aeabi_idiv)
/media/data/src/x-tools/gcc-arm-none-eabi-4_7-2013q1/bin/../lib/gcc/arm-none-eabi/4.7.3/armv6-m/libgcc.a(_dvmd_tls.o)
                              /media/data/src/x-tools/gcc-arm-none-eabi-4_7-2013q1/bin/../lib/gcc/arm-none-eabi/4.7.3/armv6-m/libgcc.a(_udivsi3.o) (__aeabi_idiv0)
/media/data/src/x-tools/gcc-arm-none-eabi-4_7-2013q1/bin/../lib/gcc/arm-none-eabi/4.7.3/armv6-m/libgcc.a(_ashldi3.o)
                              build/obj/pb_decode.o (__aeabi_llsl)
/media/data/src/x-tools/gcc-arm-none-eabi-4_7-2013q1/bin/../lib/gcc/arm-none-eabi/4.7.3/../../../../arm-none-eabi/lib/armv6-m/libg.a(lib_a-memcpy.o)
                              build/obj/sensors.o (memcpy)
/media/data/src/x-tools/gcc-arm-none-eabi-4_7-2013q1/bin/../lib/gcc/arm-none-eabi/4.7.3/../../../../arm-none-eabi/lib/armv6-m/libg.a(lib_a-memset.o)
                              build/obj/ssd1306.o (memset)
/media/data/src/x-tools/gcc-arm-none-eabi-4_7-2013q1/bin/../lib/gcc/arm-none-eabi/4.7.3/../../../../arm-none-eabi/lib/armv6-m/libg.a(lib_a-strlen.o)
                              build/obj/display.o (strlen)

Allocating common symbols
Common symbol       size              file

__gnu_lto_v1        0x1               lib/libstm32f0.a(stm32f0xx_adc.o)

Discarded input sections

 .data          0x00000000        0x0 build/obj/nilcoreasm_v6m.o
 .bss           0x00000000        0x0 build/obj/nilcoreasm_v6m.o
 .text          0x00000000        0x0 build/obj/crt0.o
 .data          0x00000000        0x0 build/obj/crt0.o
 .bss           0x00000000        0x0 build/obj/crt0.o
 .text.__early_init
                0x00000000        0x2 build/obj/crt0.o
 .text          0x00000000        0x0 build/obj/vectors.o
 .data          0x00000000        0x0 build/obj/vectors.o
 .bss           0x00000000        0x0 build/obj/vectors.o
 .text          0x00000000        0x0 build/obj/nilcore.o
 .data          0x00000000        0x0 build/obj/nilcore.o
 .bss           0x00000000        0x0 build/obj/nilcore.o
 .debug_info    0x00000000       0x72 build/obj/nilcore.o
 .debug_abbrev  0x00000000       0x26 build/obj/nilcore.o
 .debug_aranges
                0x00000000       0x18 build/obj/nilcore.o
 .debug_line    0x00000000       0x1d build/obj/nilcore.o
 .debug_str     0x00000000      0x118 build/obj/nilcore.o
 .comment       0x00000000       0x71 build/obj/nilcore.o
 .ARM.attributes
                0x00000000       0x31 build/obj/nilcore.o
 .text          0x00000000        0x0 build/obj/nilcore_v6m.o
 .data          0x00000000        0x0 build/obj/nilcore_v6m.o
 .bss           0x00000000        0x0 build/obj/nilcore_v6m.o
 .text          0x00000000        0x0 build/obj/nil.o
 .data          0x00000000        0x0 build/obj/nil.o
 .bss           0x00000000        0x0 build/obj/nil.o
 .text.chSysGetStatusAndLockX
                0x00000000       0x12 build/obj/nil.o
 .text.chSysRestoreStatusX
                0x00000000       0x16 build/obj/nil.o
 .text.chThdSuspendTimeoutS
                0x00000000       0x18 build/obj/nil.o
 .text.chThdResumeI
                0x00000000       0x14 build/obj/nil.o
 .text.chThdSleepUntil
[...]
Memory Configuration

Name             Origin             Length             Attributes
flash            0x08000000         0x00007c00
ram              0x20000000         0x00001000
*default*        0x00000000         0xffffffff

Linker script and memory map

LOAD build/obj/nilcoreasm_v6m.o
LOAD build/obj/crt0.o
LOAD build/obj/vectors.o
LOAD build/obj/nilcore.o
LOAD build/obj/nilcore_v6m.o
LOAD build/obj/nil.o
LOAD build/obj/hal.o
LOAD build/obj/hal_queues.o
LOAD build/obj/hal_mmcsd.o
LOAD build/obj/adc.o
LOAD build/obj/can.o
LOAD build/obj/ext.o
LOAD build/obj/gpt.o
LOAD build/obj/i2c.o
LOAD build/obj/icu.o
LOAD build/obj/mmc_spi.o
LOAD build/obj/pal.o
LOAD build/obj/pwm.o
LOAD build/obj/serial.o
LOAD build/obj/serial_usb.o
LOAD build/obj/spi.o
LOAD build/obj/st.o
LOAD build/obj/uart.o
LOAD build/obj/usb.o
LOAD build/obj/osal.o
LOAD build/obj/nvic.o
LOAD build/obj/stm32_dma.o
LOAD build/obj/hal_lld.o
LOAD build/obj/adc_lld.o
LOAD build/obj/ext_lld_isr.o
LOAD build/obj/ext_lld.o
LOAD build/obj/pal_lld.o
LOAD build/obj/i2c_lld.o
LOAD build/obj/spi_lld.o
LOAD build/obj/gpt_lld.o
LOAD build/obj/icu_lld.o
LOAD build/obj/pwm_lld.o
LOAD build/obj/st_lld.o
LOAD build/obj/serial_lld.o
LOAD build/obj/uart_lld.o
LOAD build/obj/usb_lld.o
LOAD build/obj/main.o
LOAD build/obj/board.o
LOAD build/obj/light.o
LOAD build/obj/ignition.o
LOAD build/obj/adc_start.o
LOAD build/obj/display.o
LOAD build/obj/ssd1306.o
LOAD build/obj/smallfonts.o
LOAD build/obj/sensors.o
LOAD build/obj/settings.o
LOAD build/obj/menu.o
LOAD build/obj/communications.o
LOAD build/obj/control.o
LOAD build/obj/serial_protocol.o
LOAD build/obj/pb_decode.o
LOAD build/obj/pb_encode.o
                0x20000000                __ram_start__ = ORIGIN (ram)
                0x00001000                __ram_size__ = 0x1000
                0x20001000                __ram_end__ = (__ram_start__ + __ram_size__)
                0x00000000                . = 0x0
                0x00000000                _text = .

startup         0x08000000       0xc0
 *(vectors)
 vectors        0x08000000       0xc0 build/obj/vectors.o
                0x08000000                _vectors

constructors    0x080000c0        0x0
                0x080000c0                PROVIDE (__init_array_start, .)
 *(SORT(.init_array.*))
 *(.init_array)
                0x080000c0                PROVIDE (__init_array_end, .)

destructors     0x080000c0        0x0
                0x080000c0                PROVIDE (__fini_array_start, .)
 *(.fini_array)
 *(SORT(.fini_array.*))
                0x080000c0                PROVIDE (__fini_array_end, .)

.text           0x080000c0     0x3c18
 *(.text.startup.*)
 .text.startup.main
                0x080000c0       0x1c build/obj/main.o
                0x080000c0                main
 *(.text)
 *fill*         0x080000dc        0x4 00
 .text          0x080000e0       0x40 build/obj/nilcoreasm_v6m.o
                0x080000e0                _port_switch
                0x08000100                _port_thread_start
                0x0800010c                _port_switch_from_isr
                0x08000110                _port_exit_from_isr
 .text          0x08000120       0x14 /media/data/src/x-tools/gcc-arm-none-eabi-4_7-2013q1/bin/../lib/gcc/arm-none-eabi/4.7.3/armv6-m/libgcc.a(_thumb1_case_uqi.o)
                0x08000120                __gnu_thumb1_case_uqi
 *fill*         0x08000134        0xc 00
 .text          0x08000140       0x9c /media/data/src/x-tools/gcc-arm-none-eabi-4_7-2013q1/bin/../lib/gcc/arm-none-eabi/4.7.3/armv6-m/libgcc.a(_udivsi3.o)
                0x08000140                __udivsi3
                0x08000140                __aeabi_uidiv
                0x080001c8                __aeabi_uidivmod
 *fill*         0x080001dc        0x4 00
 .text          0x080001e0       0xc0 /media/data/src/x-tools/gcc-arm-none-eabi-4_7-2013q1/bin/../lib/gcc/arm-none-eabi/4.7.3/armv6-m/libgcc.a(_divsi3.o)
                0x080001e0                __aeabi_idiv
                0x080001e0                __divsi3
                0x0800028c                __aeabi_idivmod
 .text          0x080002a0        0x4 /media/data/src/x-tools/gcc-arm-none-eabi-4_7-2013q1/bin/../lib/gcc/arm-none-eabi/4.7.3/armv6-m/libgcc.a(_dvmd_tls.o)
                0x080002a0                __aeabi_ldiv0
                0x080002a0                __aeabi_idiv0
 *(.text.*)
 *fill*         0x080002a4        0xc 00
 .text.__late_init
                0x080002b0        0x2 build/obj/crt0.o
                0x080002b0                __late_init
 *fill*         0x080002b2        0xe 00
 .text._default_exit
                0x080002c0        0x4 build/obj/crt0.o
                0x080002c0                _default_exit
 *fill*         0x080002c4        0xc 00
 .text.Reset_Handler
                0x080002d0       0xb8 build/obj/crt0.o
                0x080002d0                Reset_Handler
 *fill*         0x08000388        0x8 00
 .text._unhandled_exception
                0x08000390        0x4 build/obj/vectors.o
                0x08000390                Vector58
                0x08000390                Vector9C
                0x08000390                VectorAC
                0x08000390                DebugMon_Handler
                0x08000390                Vector5C
                0x08000390                HardFault_Handler
                0x08000390                Vector8C
                0x08000390                PendSV_Handler
                0x08000390                Vector94
                0x08000390                VectorA8
                0x08000390                VectorB4
                0x08000390                Vector74
                0x08000390                UsageFault_Handler
                0x08000390                Vector40
                0x08000390                VectorBC
                0x08000390                Vector54
                0x08000390                Vector24
                0x08000390                Vector84
                0x08000390                MemManage_Handler
                0x08000390                VectorA0
                0x08000390                SVC_Handler
                0x08000390                VectorB0
                0x08000390                Vector90
                0x08000390                Vector60
                0x08000390                Vector1C
                0x08000390                Vector48
                0x08000390                Vector70
                0x08000390                Vector4C
                0x08000390                Vector68
                0x08000390                _unhandled_exception
                0x08000390                Vector88
                0x08000390                BusFault_Handler
                0x08000390                Vector50
                0x08000390                Vector44
                0x08000390                Vector28
                0x08000390                VectorB8
                0x08000390                Vector34
                0x08000390                VectorA4
                0x08000390                Vector20
 *fill*         0x08000394        0xc 00
 .text.NMI_Handler
                0x080003a0        0xe build/obj/nilcore_v6m.o
                0x080003a0                NMI_Handler
 *fill*         0x080003ae        0x2 00
 .text._port_irq_epilogue
                0x080003b0       0x38 build/obj/nilcore_v6m.o
                0x080003b0                _port_irq_epilogue
 *fill*         0x080003e8        0x8 00
 .text.chSysInit
                0x080003f0       0x54 build/obj/nil.o
                0x080003f0                chSysInit
 *fill*         0x08000444        0xc 00
 .text.chSysHalt
                0x08000450        0x6 build/obj/nil.o
                0x08000450                chSysHalt
 *fill*         0x08000456        0xa 00
 .text.chSchReadyI
                0x08000460       0x1c build/obj/nil.o
                0x08000460                chSchReadyI
 *fill*         0x0800047c        0x4 00
 .text.chSysTimerHandlerI
                0x08000480       0x58 build/obj/nil.o
                0x08000480                chSysTimerHandlerI
 *fill*         0x080004d8        0x8 00
 .text.chSchRescheduleS
                0x080004e0       0x18 build/obj/nil.o
                0x080004e0                chSchRescheduleS
 *fill*         0x080004f8        0x8 00
 .text.chSchGoSleepTimeoutS
                0x08000500       0x2c build/obj/nil.o
                0x08000500                chSchGoSleepTimeoutS
 *fill*         0x0800052c        0x4 00
 .text.chThdSleep
                0x08000530       0x10 build/obj/nil.o
                0x08000530                chThdSleep
 .text.chSemWaitTimeoutS
                0x08000540       0x38 build/obj/nil.o
                0x08000540                chSemWaitTimeoutS
 *fill*         0x08000578        0x8 00
 .text.chSemWaitTimeout
                0x08000580        0xc build/obj/nil.o
                0x08000580                chSemWaitTimeout
 *fill*         0x0800058c        0x4 00
 .text.chSemSignalI
                0x08000590       0x2c build/obj/nil.o
                0x08000590                chSemSignalI
 *fill*         0x080005bc        0x4 00
 .text.chSemSignal
                0x080005c0       0x10 build/obj/nil.o
                0x080005c0                chSemSignal
 .text.halInit  0x080005d0       0x1c build/obj/hal.o
                0x080005d0                halInit
 *fill*         0x080005ec        0x4 00
 .text.stInit   0x080005f0        0x8 build/obj/st.o
                0x080005f0                stInit
 *fill*         0x080005f8        0x8 00
 .text.nvicSetSystemHandlerPriority
                0x08000600       0x14 build/obj/nvic.o
                0x08000600                nvicSetSystemHandlerPriority
 *fill*         0x08000614        0xc 00
 .text.hal_lld_init
                0x08000620       0x74 build/obj/hal_lld.o
                0x08000620                hal_lld_init
 *fill*         0x08000694        0xc 00
 .text.stm32_clock_init
                0x080006a0       0x84 build/obj/hal_lld.o
                0x080006a0                stm32_clock_init
 *fill*         0x08000724        0xc 00
 .text.initgpio
                0x08000730       0x1e build/obj/pal_lld.o
 *fill*         0x0800074e        0x2 00
 .text._pal_lld_init
                0x08000750       0x58 build/obj/pal_lld.o
                0x08000750                _pal_lld_init
 *fill*         0x080007a8        0x8 00
 .text.SysTick_Handler
                0x080007b0       0x14 build/obj/st_lld.o
                0x080007b0                SysTick_Handler
 *fill*         0x080007c4        0xc 00
 .text.st_lld_init
                0x080007d0       0x24 build/obj/st_lld.o
                0x080007d0                st_lld_init
 *fill*         0x080007f4        0xc 00
 .text.Thread5  0x08000800        0x6 build/obj/main.o
                0x08000800                Thread5
 *fill*         0x08000806        0xa 00
 .text.Thread4  0x08000810        0xa build/obj/main.o
                0x08000810                Thread4
 *fill*         0x0800081a        0x6 00
 .text.Thread3  0x08000820        0x6 build/obj/main.o
                0x08000820                Thread3
 *fill*         0x08000826        0xa 00
 .text.Thread2  0x08000830        0x6 build/obj/main.o
                0x08000830                Thread2
 *fill*         0x08000836        0xa 00
 .text.Thread1  0x08000840        0x6 build/obj/main.o
                0x08000840                Thread1
 *fill*         0x08000846        0xa 00
 .text.Thread0  0x08000850       0x70 build/obj/main.o
                0x08000850                Thread0
 .text.__early_init
                0x080008c0        0x8 build/obj/board.o
                0x080008c0                __early_init
 *fill*         0x080008c8        0x8 00
 .text.boardInit
                0x080008d0       0x3c build/obj/board.o
                0x080008d0                boardInit
 *fill*         0x0800090c        0x4 00
 .text.updateLight
                0x08000910       0x6c build/obj/light.o
                0x08000910                updateLight
 *fill*         0x0800097c        0x4 00
 .text.startLight
                0x08000980       0x98 build/obj/light.o
                0x08000980                startLight
 *fill*         0x08000a18        0x8 00
 .text.startIgnition
                0x08000a20      0x160 build/obj/ignition.o
                0x08000a20                startIgnition
 .text.Vector80
                0x08000b80       0x3c build/obj/ignition.o
                0x08000b80                Vector80
 *fill*         0x08000bbc        0x4 00
 .text.startAdc
                0x08000bc0       0xfc build/obj/adc_start.o
                0x08000bc0                startAdc
 *fill*         0x08000cbc        0x4 00
 .text.Vector64
                0x08000cc0       0x14 build/obj/adc_start.o
                0x08000cc0                Vector64
 *fill*         0x08000cd4        0xc 00
 .text.toggleTC
                0x08000ce0       0x60 build/obj/display.o
                0x08000ce0                toggleTC
 .text.toggleShifter
                0x08000d40       0x60 build/obj/display.o
                0x08000d40                toggleShifter
 .text.toggleLED
                0x08000da0       0x60 build/obj/display.o
                0x08000da0                toggleLED
 .text.startDisplay
                0x08000e00       0xa4 build/obj/display.o
                0x08000e00                startDisplay
 *fill*         0x08000ea4        0xc 00
 .text.drawTitle
                0x08000eb0       0x2c build/obj/display.o
                0x08000eb0                drawTitle
 *fill*         0x08000edc        0x4 00
 .text.setGears
                0x08000ee0       0xa8 build/obj/display.o
                0x08000ee0                setGears
 *fill*         0x08000f88        0x8 00
 .text.setShifter
                0x08000f90       0xd0 build/obj/display.o
                0x08000f90                setShifter
 .text.setCutMode
                0x08001060       0x70 build/obj/display.o
                0x08001060                setCutMode
 .text.showInfo
                0x080010d0      0x128 build/obj/display.o
                0x080010d0                showInfo
 *fill*         0x080011f8        0x8 00
 .text.showDiag
                0x08001200      0x108 build/obj/display.o
                0x08001200                showDiag
 *fill*         0x08001308        0x8 00
 .text.ssd1306SendByte
                0x08001310       0x18 build/obj/ssd1306.o
                0x08001310                ssd1306SendByte
 *fill*         0x08001328        0x8 00
 .text.ssd1306Init
                0x08001330      0x140 build/obj/ssd1306.o
                0x08001330                ssd1306Init
 .text.ssd1306TurnOn
                0x08001470       0x38 build/obj/ssd1306.o
                0x08001470                ssd1306TurnOn
 *fill*         0x080014a8        0x8 00
 .text.ssd1306TurnOff
                0x080014b0       0x38 build/obj/ssd1306.o
                0x080014b0                ssd1306TurnOff
 *fill*         0x080014e8        0x8 00
 .text.ssd1306DrawPixel
                0x080014f0       0x2c build/obj/ssd1306.o
                0x080014f0                ssd1306DrawPixel
 *fill*         0x0800151c        0x4 00
 .text.ssd1306ClearScreen
                0x08001520       0x14 build/obj/ssd1306.o
                0x08001520                ssd1306ClearScreen
 *fill*         0x08001534        0xc 00
 .text.ssd1306DrawChar
                0x08001540       0xaa build/obj/ssd1306.o
                0x08001540                ssd1306DrawChar
 *fill*         0x080015ea        0x6 00
 .text.ssd1306DrawString
                0x080015f0       0x40 build/obj/ssd1306.o
                0x080015f0                ssd1306DrawString
 .text.Vector98
                0x08001630       0x60 build/obj/ssd1306.o
                0x08001630                Vector98
 .text.getCapture
                0x08001690       0x24 build/obj/sensors.o
                0x08001690                getCapture
 *fill*         0x080016b4        0xc 00
 .text.getCurGearIdx
                0x080016c0       0x34 build/obj/sensors.o
                0x080016c0                getCurGearIdx
 *fill*         0x080016f4        0xc 00
 .text.getCurCutTime
                0x08001700       0x14 build/obj/sensors.o
                0x08001700                getCurCutTime
 *fill*         0x08001714        0xc 00
 .text.setPotGain
                0x08001720       0x28 build/obj/sensors.o
                0x08001720                setPotGain
 *fill*         0x08001748        0x8 00
 .text.getAnalogSensors
                0x08001750       0x64 build/obj/sensors.o
                0x08001750                getAnalogSensors
 *fill*         0x080017b4        0xc 00
 .text.startSensors
                0x080017c0      0x150 build/obj/sensors.o
                0x080017c0                startSensors
 .text.Vector78
                0x08001910       0x80 build/obj/sensors.o
                0x08001910                Vector78
 .text.Vector7C
                0x08001990      0x1dc build/obj/sensors.o
                0x08001990                Vector7C
 *fill*         0x08001b6c        0x4 00
 .text.readSettings
                0x08001b70       0xa0 build/obj/settings.o
                0x08001b70                readSettings
 .text.settingsInit
                0x08001c10       0x2c build/obj/settings.o
                0x08001c10                settingsInit
 *fill*         0x08001c3c        0x4 00
 .text.writeSettings
                0x08001c40       0x54 build/obj/settings.o
                0x08001c40                writeSettings
 *fill*         0x08001c94        0xc 00
 .text.drawMenu
                0x08001ca0       0xd0 build/obj/menu.o
                0x08001ca0                drawMenu
 .text.openMenu
                0x08001d70       0x90 build/obj/menu.o
                0x08001d70                openMenu
 .text.i2cInit  0x08001e00       0x4c build/obj/communications.o
                0x08001e00                i2cInit
 *fill*         0x08001e4c        0x4 00
 .text.i2cSendS
                0x08001e50       0x80 build/obj/communications.o
                0x08001e50                i2cSendS
 .text.usartInit
                0x08001ed0      0x114 build/obj/communications.o
                0x08001ed0                usartInit
 *fill*         0x08001fe4        0xc 00
 .text.usartSendI
                0x08001ff0       0x74 build/obj/communications.o
                0x08001ff0                usartSendI
 *fill*         0x08002064        0xc 00
 .text.usartSendS
                0x08002070       0x4c build/obj/communications.o
                0x08002070                usartSendS
 *fill*         0x080020bc        0x4 00
 .text.usartPrintString
                0x080020c0       0x18 build/obj/communications.o
                0x080020c0                usartPrintString
 *fill*         0x080020d8        0x8 00
 .text.serDbg   0x080020e0       0x1c build/obj/communications.o
                0x080020e0                serDbg
 *fill*         0x080020fc        0x4 00
 .text.spiInit  0x08002100       0xa8 build/obj/communications.o
                0x08002100                spiInit
 *fill*         0x080021a8        0x8 00
 .text.spiSendI
                0x080021b0       0x64 build/obj/communications.o
                0x080021b0                spiSendI
 *fill*         0x08002214        0xc 00
 .text.reverse  0x08002220       0x22 build/obj/communications.o
                0x08002220                reverse
 *fill*         0x08002242        0xe 00
 .text.itoa     0x08002250       0x44 build/obj/communications.o
                0x08002250                itoa
 *fill*         0x08002294        0xc 00
 .text.doChecksum
                0x080022a0       0x1a build/obj/serial_protocol.o
                0x080022a0                doChecksum
 *fill*         0x080022ba        0x6 00
 .text.searchBuffer
                0x080022c0       0x2c build/obj/serial_protocol.o
                0x080022c0                searchBuffer
 *fill*         0x080022ec        0x4 00
 .text.saveSettings
                0x080022f0       0x1c build/obj/serial_protocol.o
                0x080022f0                saveSettings
 *fill*         0x0800230c        0x4 00
 .text.sendToGUI
                0x08002310       0x18 build/obj/serial_protocol.o
                0x08002310                sendToGUI
 *fill*         0x08002328        0x8 00
 .text.sendSettings
                0x08002330       0x10 build/obj/serial_protocol.o
                0x08002330                sendSettings
 .text.sendInfo
                0x08002340       0x10 build/obj/serial_protocol.o
                0x08002340                sendInfo
 .text.sendDiag
                0x08002350       0x10 build/obj/serial_protocol.o
                0x08002350                sendDiag
 .text.processCmd
                0x08002360       0x2e build/obj/serial_protocol.o
                0x08002360                processCmd
 *fill*         0x0800238e        0x2 00
 .text.startSerialCom
                0x08002390       0x58 build/obj/serial_protocol.o
                0x08002390                startSerialCom
 *fill*         0x080023e8        0x8 00
 .text.Vector6C
                0x080023f0       0x24 build/obj/serial_protocol.o
                0x080023f0                Vector6C
 *fill*         0x08002414        0xc 00
 .text.ADC_Init
                0x08002420       0x2c lib/libstm32f0.a(stm32f0xx_adc.o)
                0x08002420                ADC_Init
 *fill*         0x0800244c        0x4 00
 .text.ADC_StructInit
                0x08002450       0x10 lib/libstm32f0.a(stm32f0xx_adc.o)
                0x08002450                ADC_StructInit
 .text.ADC_Cmd  0x08002460       0x12 lib/libstm32f0.a(stm32f0xx_adc.o)
                0x08002460                ADC_Cmd
 *fill*         0x08002472        0xe 00
 .text.ADC_TempSensorCmd
                0x08002480       0x24 lib/libstm32f0.a(stm32f0xx_adc.o)
                0x08002480                ADC_TempSensorCmd
 *fill*         0x080024a4        0xc 00
 .text.ADC_ChannelConfig
                0x080024b0        0xa lib/libstm32f0.a(stm32f0xx_adc.o)
                0x080024b0                ADC_ChannelConfig
 *fill*         0x080024ba        0x6 00
 .text.ADC_GetCalibrationFactor
                0x080024c0       0x2e lib/libstm32f0.a(stm32f0xx_adc.o)
                0x080024c0                ADC_GetCalibrationFactor
 *fill*         0x080024ee        0x2 00
 .text.ADC_StartOfConversion
                0x080024f0        0xa lib/libstm32f0.a(stm32f0xx_adc.o)
                0x080024f0                ADC_StartOfConversion
 *fill*         0x080024fa        0x6 00
 .text.ADC_DMACmd
                0x08002500       0x16 lib/libstm32f0.a(stm32f0xx_adc.o)
                0x08002500                ADC_DMACmd
 *fill*         0x08002516        0xa 00
 .text.ADC_DMARequestModeConfig
                0x08002520       0x10 lib/libstm32f0.a(stm32f0xx_adc.o)
                0x08002520                ADC_DMARequestModeConfig
 .text.ADC_GetFlagStatus
                0x08002530       0x20 lib/libstm32f0.a(stm32f0xx_adc.o)
                0x08002530                ADC_GetFlagStatus
 .text.CRC_CalcBlockCRC
                0x08002550       0x1c lib/libstm32f0.a(stm32f0xx_crc.o)
                0x08002550                CRC_CalcBlockCRC
 *fill*         0x0800256c        0x4 00
 .text.DMA_DeInit
                0x08002570       0x80 lib/libstm32f0.a(stm32f0xx_dma.o)
                0x08002570                DMA_DeInit
 .text.DMA_Init
                0x080025f0       0x3c lib/libstm32f0.a(stm32f0xx_dma.o)
                0x080025f0                DMA_Init
 *fill*         0x0800262c        0x4 00
 .text.DMA_StructInit
                0x08002630       0x1a lib/libstm32f0.a(stm32f0xx_dma.o)
                0x08002630                DMA_StructInit
 *fill*         0x0800264a        0x6 00
 .text.DMA_Cmd  0x08002650       0x1c lib/libstm32f0.a(stm32f0xx_dma.o)
                0x08002650                DMA_Cmd
 *fill*         0x0800266c        0x4 00
 .text.DMA_ITConfig
                0x08002670       0x14 lib/libstm32f0.a(stm32f0xx_dma.o)
                0x08002670                DMA_ITConfig
 *fill*         0x08002684        0xc 00
 .text.DMA_GetITStatus
                0x08002690       0x10 lib/libstm32f0.a(stm32f0xx_dma.o)
                0x08002690                DMA_GetITStatus
 .text.DMA_ClearITPendingBit
                0x080026a0        0xc lib/libstm32f0.a(stm32f0xx_dma.o)
                0x080026a0                DMA_ClearITPendingBit
 *fill*         0x080026ac        0x4 00
 .text.FLASH_Unlock
                0x080026b0       0x20 lib/libstm32f0.a(stm32f0xx_flash.o)
                0x080026b0                FLASH_Unlock
 .text.FLASH_Lock
                0x080026d0       0x10 lib/libstm32f0.a(stm32f0xx_flash.o)
                0x080026d0                FLASH_Lock
 .text.FLASH_ClearFlag
                0x080026e0        0xc lib/libstm32f0.a(stm32f0xx_flash.o)
                0x080026e0                FLASH_ClearFlag
 *fill*         0x080026ec        0x4 00
 .text.FLASH_GetStatus
                0x080026f0       0x28 lib/libstm32f0.a(stm32f0xx_flash.o)
                0x080026f0                FLASH_GetStatus
 *fill*         0x08002718        0x8 00
 .text.FLASH_WaitForLastOperation
                0x08002720       0x20 lib/libstm32f0.a(stm32f0xx_flash.o)
                0x08002720                FLASH_WaitForLastOperation
 .text.FLASH_ProgramWord
                0x08002740       0x50 lib/libstm32f0.a(stm32f0xx_flash.o)
                0x08002740                FLASH_ProgramWord
 .text.FLASH_ErasePage
                0x08002790       0x38 lib/libstm32f0.a(stm32f0xx_flash.o)
                0x08002790                FLASH_ErasePage
 *fill*         0x080027c8        0x8 00
 .text.I2C_Init
                0x080027d0       0x64 lib/libstm32f0.a(stm32f0xx_i2c.o)
                0x080027d0                I2C_Init
 *fill*         0x08002834        0xc 00
 .text.I2C_StructInit
                0x08002840       0x16 lib/libstm32f0.a(stm32f0xx_i2c.o)
                0x08002840                I2C_StructInit
 *fill*         0x08002856        0xa 00
 .text.I2C_Cmd  0x08002860       0x16 lib/libstm32f0.a(stm32f0xx_i2c.o)
                0x08002860                I2C_Cmd
 *fill*         0x08002876        0xa 00
 .text.I2C_TransferHandling
                0x08002880       0x24 lib/libstm32f0.a(stm32f0xx_i2c.o)
                0x08002880                I2C_TransferHandling
 *fill*         0x080028a4        0xc 00
 .text.I2C_GetFlagStatus
                0x080028b0        0xa lib/libstm32f0.a(stm32f0xx_i2c.o)
                0x080028b0                I2C_GetFlagStatus
 *fill*         0x080028ba        0x6 00
 .text.NVIC_Init
                0x080028c0       0x54 lib/libstm32f0.a(stm32f0xx_misc.o)
                0x080028c0                NVIC_Init
 *fill*         0x08002914        0xc 00
 .text.RCC_HSI14Cmd
                0x08002920       0x1c lib/libstm32f0.a(stm32f0xx_rcc.o)
                0x08002920                RCC_HSI14Cmd
 *fill*         0x0800293c        0x4 00
 .text.RCC_ADCCLKConfig
                0x08002940       0x30 lib/libstm32f0.a(stm32f0xx_rcc.o)
                0x08002940                RCC_ADCCLKConfig
 .text.RCC_GetClocksFreq
                0x08002970       0xe8 lib/libstm32f0.a(stm32f0xx_rcc.o)
                0x08002970                RCC_GetClocksFreq
 *fill*         0x08002a58        0x8 00
 .text.SPI_Init
                0x08002a60       0x54 lib/libstm32f0.a(stm32f0xx_spi.o)
                0x08002a60                SPI_Init
 *fill*         0x08002ab4        0xc 00
 .text.SPI_Cmd  0x08002ac0       0x16 lib/libstm32f0.a(stm32f0xx_spi.o)
                0x08002ac0                SPI_Cmd
 *fill*         0x08002ad6        0xa 00
 .text.SPI_SendData8
                0x08002ae0        0x4 lib/libstm32f0.a(stm32f0xx_spi.o)
                0x08002ae0                SPI_SendData8
 *fill*         0x08002ae4        0xc 00
 .text.SPI_I2S_DMACmd
                0x08002af0       0x14 lib/libstm32f0.a(stm32f0xx_spi.o)
                0x08002af0                SPI_I2S_DMACmd
 *fill*         0x08002b04        0xc 00
 .text.SYSCFG_DMAChannelRemapConfig
                0x08002b10       0x1c lib/libstm32f0.a(stm32f0xx_syscfg.o)
                0x08002b10                SYSCFG_DMAChannelRemapConfig
 *fill*         0x08002b2c        0x4 00
 .text.TI1_Config
                0x08002b30       0x28 lib/libstm32f0.a(stm32f0xx_tim.o)
 *fill*         0x08002b58        0x8 00
 .text.TI2_Config
                0x08002b60       0x38 lib/libstm32f0.a(stm32f0xx_tim.o)
 *fill*         0x08002b98        0x8 00
 .text.TIM_TimeBaseInit
                0x08002ba0       0x74 lib/libstm32f0.a(stm32f0xx_tim.o)
                0x08002ba0                TIM_TimeBaseInit
 *fill*         0x08002c14        0xc 00
 .text.TIM_SelectOnePulseMode
                0x08002c20       0x10 lib/libstm32f0.a(stm32f0xx_tim.o)
                0x08002c20                TIM_SelectOnePulseMode
 .text.TIM_Cmd  0x08002c30       0x16 lib/libstm32f0.a(stm32f0xx_tim.o)
                0x08002c30                TIM_Cmd
 *fill*         0x08002c46        0xa 00
 .text.TIM_OC1Init
                0x08002c50       0x78 lib/libstm32f0.a(stm32f0xx_tim.o)
                0x08002c50                TIM_OC1Init
 *fill*         0x08002cc8        0x8 00
 .text.TIM_OC2Init
                0x08002cd0       0x7c lib/libstm32f0.a(stm32f0xx_tim.o)
                0x08002cd0                TIM_OC2Init
 *fill*         0x08002d4c        0x4 00
 .text.TIM_OC3Init
                0x08002d50       0x80 lib/libstm32f0.a(stm32f0xx_tim.o)
                0x08002d50                TIM_OC3Init
 .text.TIM_OC4Init
                0x08002dd0       0x64 lib/libstm32f0.a(stm32f0xx_tim.o)
                0x08002dd0                TIM_OC4Init
 *fill*         0x08002e34        0xc 00
 .text.TIM_SetIC1Prescaler
                0x08002e40       0x10 lib/libstm32f0.a(stm32f0xx_tim.o)
                0x08002e40                TIM_SetIC1Prescaler
 .text.TIM_SetIC2Prescaler
                0x08002e50       0x18 lib/libstm32f0.a(stm32f0xx_tim.o)
                0x08002e50                TIM_SetIC2Prescaler
 *fill*         0x08002e68        0x8 00
 .text.TIM_SetIC3Prescaler
                0x08002e70       0x10 lib/libstm32f0.a(stm32f0xx_tim.o)
                0x08002e70                TIM_SetIC3Prescaler
 .text.TIM_SetIC4Prescaler
                0x08002e80       0x18 lib/libstm32f0.a(stm32f0xx_tim.o)
                0x08002e80                TIM_SetIC4Prescaler
 *fill*         0x08002e98        0x8 00
 .text.TIM_ICInit
                0x08002ea0       0xc0 lib/libstm32f0.a(stm32f0xx_tim.o)
                0x08002ea0                TIM_ICInit
 .text.USART_Init
                0x08002f60       0xa0 lib/libstm32f0.a(stm32f0xx_usart.o)
                0x08002f60                USART_Init
 .text.USART_Cmd
                0x08003000       0x16 lib/libstm32f0.a(stm32f0xx_usart.o)
                0x08003000                USART_Cmd
 *fill*         0x08003016        0xa 00
 .text.USART_DMACmd
                0x08003020       0x14 lib/libstm32f0.a(stm32f0xx_usart.o)
                0x08003020                USART_DMACmd
 *fill*         0x08003034        0xc 00
 .text.WWDG_SetPrescaler
                0x08003040       0x18 lib/libstm32f0.a(stm32f0xx_wwdg.o)
                0x08003040                WWDG_SetPrescaler
 *fill*         0x08003058        0x8 00
 .text.WWDG_SetWindowValue
                0x08003060       0x24 lib/libstm32f0.a(stm32f0xx_wwdg.o)
                0x08003060                WWDG_SetWindowValue
 *fill*         0x08003084        0xc 00
 .text.WWDG_SetCounter
                0x08003090       0x10 lib/libstm32f0.a(stm32f0xx_wwdg.o)
                0x08003090                WWDG_SetCounter
 .text.WWDG_Enable
                0x080030a0       0x10 lib/libstm32f0.a(stm32f0xx_wwdg.o)
                0x080030a0                WWDG_Enable
 .text.memcpy   0x080030b0      0x144 /media/data/src/x-tools/gcc-arm-none-eabi-4_7-2013q1/bin/../lib/gcc/arm-none-eabi/4.7.3/../../../../arm-none-eabi/lib/armv6-m/libg.a(lib_a-memcpy.o)
                0x080030b0                memcpy
 *fill*         0x080031f4        0xc 00
 .text.memset   0x08003200      0x118 /media/data/src/x-tools/gcc-arm-none-eabi-4_7-2013q1/bin/../lib/gcc/arm-none-eabi/4.7.3/../../../../arm-none-eabi/lib/armv6-m/libg.a(lib_a-memset.o)
                0x08003200                memset
 *fill*         0x08003318        0x8 00
 .text.strlen   0x08003320       0x10 /media/data/src/x-tools/gcc-arm-none-eabi-4_7-2013q1/bin/../lib/gcc/arm-none-eabi/4.7.3/../../../../arm-none-eabi/lib/armv6-m/libg.a(lib_a-strlen.o)
                0x08003320                strlen
 *(.rodata)
 *(.rodata.*)
 .rodata.nil_thd_configs
                0x08003330       0x8c build/obj/main.o
                0x08003330                nil_thd_configs
 *fill*         0x080033bc        0x4 00
 .rodata.str1.1
                0x080033c0       0x57 build/obj/main.o
                                 0x5d (size before relaxing)
 *fill*         0x08003417        0x9 00
 .rodata.pal_default_config
                0x08003420       0x8c build/obj/board.o
                0x08003420                pal_default_config
 *fill*         0x080034ac        0x4 00
 .rodata.str1.1
                0x080034b0       0x16 build/obj/light.o
 *fill*         0x080034c6        0xa 00
 .rodata.str1.1
                0x080034d0       0x19 build/obj/ignition.o
 *fill*         0x080034e9        0x7 00
 .rodata.str1.1
                0x080034f0       0x14 build/obj/adc_start.o
 *fill*         0x08003504        0xc 00
 .rodata.functionsMenuList
                0x08003510       0x24 build/obj/display.o
                0x08003510                functionsMenuList
 *fill*         0x08003534        0xc 00
 .rodata.settingsMenu
                0x08003540        0xc build/obj/display.o
                0x08003540                settingsMenu
 *fill*         0x0800354c        0x4 00
 .rodata.functionsMenu
                0x08003550        0xc build/obj/display.o
                0x08003550                functionsMenu
 *fill*         0x0800355c        0x4 00
 .rodata.mainMenuItemList
                0x08003560       0x24 build/obj/display.o
                0x08003560                mainMenuItemList
 *fill*         0x08003584        0xc 00
 .rodata.settingsMenuList
                0x08003590       0x30 build/obj/display.o
                0x08003590                settingsMenuList
 .rodata.str1.1
                0x080035c0      0x1c4 build/obj/display.o
                                0x1ce (size before relaxing)
 *fill*         0x08003784        0xc 00
 .rodata.enabled
                0x08003790        0x8 build/obj/display.o
                0x08003790                enabled
 *fill*         0x08003798        0x8 00
 .rodata.disabled
                0x080037a0        0x9 build/obj/display.o
                0x080037a0                disabled
 *fill*         0x080037a9        0x7 00
 .rodata.mainMenu
                0x080037b0        0xc build/obj/display.o
                0x080037b0                mainMenu
 *fill*         0x080037bc        0x4 00
 .rodata.version
                0x080037c0        0x4 build/obj/display.o
                0x080037c0                version
 *fill*         0x080037c4        0xc 00
 .rodata.au8FontSystem5x8
                0x080037d0      0x1e5 build/obj/smallfonts.o
                0x080037d0                au8FontSystem5x8
 *fill*         0x080039b5        0xb 00
 .rodata.Font_System5x8
                0x080039c0        0x8 build/obj/smallfonts.o
                0x080039c0                Font_System5x8
 *fill*         0x080039c8        0x8 00
 .rodata.au8FontSystem7x8
                0x080039d0      0x2a7 build/obj/smallfonts.o
                0x080039d0                au8FontSystem7x8
 *fill*         0x08003c77        0x9 00
 .rodata.Font_System7x8
                0x08003c80        0x8 build/obj/smallfonts.o
                0x08003c80                Font_System7x8
 *fill*         0x08003c88        0x8 00
 .rodata.str1.1
                0x08003c90       0x39 build/obj/sensors.o
                                 0x3c (size before relaxing)
 *fill*         0x08003cc9        0x7 00
 .rodata.str1.1
                0x08003cd0        0x8 build/obj/menu.o
 *(.glue_7t)
 .glue_7t       0x00000000        0x0 linker stubs
 *(.glue_7)
 .glue_7        0x00000000        0x0 linker stubs
 *(.gcc*)

.vfp11_veneer   0x08003cd8        0x0
 .vfp11_veneer  0x00000000        0x0 linker stubs

.v4_bx          0x08003cd8        0x0
 .v4_bx         0x00000000        0x0 linker stubs

.iplt           0x08003cd8        0x0
 .iplt          0x00000000        0x0 build/obj/nilcoreasm_v6m.o

.rel.dyn        0x08003cd8        0x0
 .rel.iplt      0x00000000        0x0 build/obj/nilcoreasm_v6m.o

.ARM.extab
 *(.ARM.extab* .gnu.linkonce.armextab.*)

.ARM.exidx      0x08003cd8        0x0
                0x08003cd8                PROVIDE (__exidx_start, .)
 *(.ARM.exidx* .gnu.linkonce.armexidx.*)
                0x08003cd8                PROVIDE (__exidx_end, .)

.eh_frame_hdr
 *(.eh_frame_hdr)

.eh_frame
 *(.eh_frame)

.textalign      0x08003cd8        0x0
                0x08003cd8                . = ALIGN (0x8)
                0x08003cd8                . = ALIGN (0x4)
                0x08003cd8                _etext = .
                0x08003cd8                _textdata = _etext

.stacks         0x20000000      0x180
                0x20000000                . = ALIGN (0x8)
                0x20000000                __main_stack_base__ = .
                0x20000100                . = (. + __main_stack_size__)
 *fill*         0x20000000      0x100 00
                0x20000100                . = ALIGN (0x8)
                0x20000100                __main_stack_end__ = .
                0x20000100                __process_stack_base__ = .
                0x20000100                __main_thread_stack_base__ = .
                0x20000180                . = (. + __process_stack_size__)
 *fill*         0x20000100       0x80 00
                0x20000180                . = ALIGN (0x8)
                0x20000180                __process_stack_end__ = .
                0x20000180                __main_thread_stack_end__ = .

.data           0x20000180       0x18 load address 0x08003cd8
                0x20000180                . = ALIGN (0x4)
                0x20000180                PROVIDE (_data, .)
 *(.data)
                0x20000180                . = ALIGN (0x4)
 *(.data.*)
 .data.light_settings
                0x20000180        0x4 build/obj/light.o
                0x20000180                light_settings
 .data.serial_dbg
                0x20000184        0x1 build/obj/communications.o
                0x20000184                serial_dbg
 .data.APBAHBPrescTable
                0x20000185       0x10 lib/libstm32f0.a(stm32f0xx_rcc.o)
                0x20000198                . = ALIGN (0x4)
 *fill*         0x20000195        0x3 00
 *(.ramtext)
                0x20000198                . = ALIGN (0x4)
                0x20000198                PROVIDE (_edata, .)

.igot.plt       0x20000198        0x0 load address 0x08003cf0
 .igot.plt      0x00000000        0x0 build/obj/nilcoreasm_v6m.o

.bss            0x20000198      0xbfc load address 0x08003cf0
                0x20000198                . = ALIGN (0x4)
                0x20000198                PROVIDE (_bss_start, .)
 *(.bss)
                0x20000198                . = ALIGN (0x4)
 *(.bss.*)
 .bss.nil       0x20000198       0x98 build/obj/nil.o
                0x20000198                nil
 .bss.waThread0
                0x20000230       0xb8 build/obj/main.o
                0x20000230                waThread0
 .bss.waThread1
                0x200002e8       0xf8 build/obj/main.o
                0x200002e8                waThread1
 .bss.waThread2
                0x200003e0      0x178 build/obj/main.o
                0x200003e0                waThread2
 .bss.waThread3
                0x20000558       0xf8 build/obj/main.o
                0x20000558                waThread3
 .bss.waThread4
                0x20000650       0xf8 build/obj/main.o
                0x20000650                waThread4
 .bss.waThread5
                0x20000748       0xf8 build/obj/main.o
                0x20000748                waThread5
 .bss.TIM_OCInitStructure
                0x20000840       0x14 build/obj/light.o
                0x20000840                TIM_OCInitStructure
 .bss.cutting_count
                0x20000854        0x1 build/obj/ignition.o
                0x20000854                cutting_count
 .bss.cutting   0x20000855        0x1 build/obj/ignition.o
                0x20000855                cutting
 .bss.adc_status
                0x20000856        0x1 build/obj/adc_start.o
                0x20000856                adc_status
 *fill*         0x20000857        0x1 00
 .bss.adc_samples
                0x20000858       0x40 build/obj/adc_start.o
                0x20000858                adc_samples
 .bss.display   0x20000898        0x1 build/obj/display.o
                0x20000898                display
 .bss.buffer    0x20000899      0x400 build/obj/ssd1306.o
 *fill*         0x20000c99        0x1 00
 .bss.accel1    0x20000c9a        0x2 build/obj/sensors.o
 .bss.TIM2CC4CaptureNumber
                0x20000c9c        0x1 build/obj/sensors.o
 *fill*         0x20000c9d        0x1 00
 .bss.TIM1CC4ReadValue1
                0x20000c9e        0x2 build/obj/sensors.o
 .bss.TIM1CC4ReadValue2
                0x20000ca0        0x2 build/obj/sensors.o
 .bss.TIM2CC4ReadValue1
                0x20000ca2        0x2 build/obj/sensors.o
 .bss.TIM2CC3ReadValue1
                0x20000ca4        0x2 build/obj/sensors.o
 .bss.TIM2CC3ReadValue2
                0x20000ca6        0x2 build/obj/sensors.o
 .bss.sensors   0x20000ca8        0xa build/obj/sensors.o
                0x20000ca8                sensors
 .bss.TIM2CC4ReadValue2
                0x20000cb2        0x2 build/obj/sensors.o
 .bss.accel2    0x20000cb4        0x2 build/obj/sensors.o
 .bss.TIM2CC3CaptureNumber
                0x20000cb6        0x1 build/obj/sensors.o
 .bss.spd1arr_pos
                0x20000cb7        0x1 build/obj/sensors.o
 .bss.TIM1CC4CaptureNumber
                0x20000cb8        0x1 build/obj/sensors.o
 .bss.spd2arr_pos
                0x20000cb9        0x1 build/obj/sensors.o
 *fill*         0x20000cba        0x2 00
 .bss.spd1arr   0x20000cbc        0x8 build/obj/sensors.o
 .bss.spd2arr   0x20000cc4        0x8 build/obj/sensors.o
 .bss.settings  0x20000ccc       0x28 build/obj/settings.o
                0x20000ccc                settings
 .bss.usart1_semS
                0x20000cf4        0x4 build/obj/communications.o
                0x20000cf4                usart1_semS
 .bss.spi1_semS
                0x20000cf8        0x4 build/obj/communications.o
                0x20000cf8                spi1_semS
 .bss.i2c1_semI
                0x20000cfc        0x4 build/obj/communications.o
                0x20000cfc                i2c1_semI
 .bss.usart_txbuf
                0x20000d00       0x40 build/obj/communications.o
                0x20000d00                usart_txbuf
 .bss.usart_rxbuf
                0x20000d40       0x40 build/obj/communications.o
                0x20000d40                usart_rxbuf
 .bss.i2c1_semS
                0x20000d80        0x4 build/obj/communications.o
                0x20000d80                i2c1_semS
 .bss.usart1_semI
                0x20000d84        0x4 build/obj/communications.o
                0x20000d84                usart1_semI
 .bss.spi1_semI
                0x20000d88        0x4 build/obj/communications.o
                0x20000d88                spi1_semI
 .bss.status    0x20000d8c        0x6 build/obj/control.o
                0x20000d8c                status
 .bss.update    0x20000d92        0x1 build/obj/serial_protocol.o
                0x20000d92                update
 .bss.cmd_pos   0x20000d93        0x1 build/obj/serial_protocol.o
                0x20000d93                cmd_pos
                0x20000d94                . = ALIGN (0x4)
 *(COMMON)
                0x20000d94                . = ALIGN (0x4)
                0x20000d94                PROVIDE (_bss_end, .)
                0x20000d94                PROVIDE (end, .)
                0x20000d94                _end = .
                0x20000d94                __heap_base__ = _end
                0x20001000                __heap_end__ = __ram_end__
                0x00000080                __process_stack_size__ = 0x80
                0x00000100                __main_stack_size__ = 0x100
LOAD lib/libstm32f0.a
START GROUP
LOAD /media/data/src/x-tools/gcc-arm-none-eabi-4_7-2013q1/bin/../lib/gcc/arm-none-eabi/4.7.3/armv6-m/libgcc.a
LOAD /media/data/src/x-tools/gcc-arm-none-eabi-4_7-2013q1/bin/../lib/gcc/arm-none-eabi/4.7.3/../../../../arm-none-eabi/lib/armv6-m/libg.a
LOAD /media/data/src/x-tools/gcc-arm-none-eabi-4_7-2013q1/bin/../lib/gcc/arm-none-eabi/4.7.3/../../../../arm-none-eabi/lib/armv6-m/libc.a
END GROUP
OUTPUT(build/OpenTCS.elf elf32-littlearm)

.ARM.attributes
                0x00000000       0x2d
 .ARM.attributes
                0x00000000       0x21 build/obj/nilcoreasm_v6m.o
 .ARM.attributes
                0x00000021       0x31 build/obj/crt0.o
 .ARM.attributes
                0x00000052       0x31 build/obj/vectors.o
 .ARM.attributes
                0x00000083       0x31 build/obj/nilcore_v6m.o
 .ARM.attributes
                0x000000b4       0x31 build/obj/nil.o
 .ARM.attributes
                0x000000e5       0x31 build/obj/hal.o
 .ARM.attributes
                0x00000116       0x31 build/obj/st.o
 .ARM.attributes
                0x00000147       0x31 build/obj/nvic.o
 .ARM.attributes
                0x00000178       0x31 build/obj/hal_lld.o
 .ARM.attributes
                0x000001a9       0x31 build/obj/pal_lld.o
 .ARM.attributes
                0x000001da       0x31 build/obj/st_lld.o
 .ARM.attributes
                0x0000020b       0x31 build/obj/main.o
 .ARM.attributes
                0x0000023c       0x31 build/obj/board.o
 .ARM.attributes
                0x0000026d       0x31 build/obj/light.o
 .ARM.attributes
                0x0000029e       0x31 build/obj/ignition.o
 .ARM.attributes
                0x000002cf       0x31 build/obj/adc_start.o
 .ARM.attributes
                0x00000300       0x31 build/obj/display.o
 .ARM.attributes
                0x00000331       0x31 build/obj/ssd1306.o
 .ARM.attributes
                0x00000362       0x31 build/obj/smallfonts.o
 .ARM.attributes
                0x00000393       0x31 build/obj/sensors.o
 .ARM.attributes
                0x000003c4       0x31 build/obj/settings.o
 .ARM.attributes
                0x000003f5       0x31 build/obj/menu.o
 .ARM.attributes
                0x00000426       0x31 build/obj/communications.o
 .ARM.attributes
                0x00000457       0x31 build/obj/control.o
 .ARM.attributes
                0x00000488       0x31 build/obj/serial_protocol.o
 .ARM.attributes
                0x000004b9       0x31 lib/libstm32f0.a(stm32f0xx_adc.o)
 .ARM.attributes
                0x000004ea       0x31 lib/libstm32f0.a(stm32f0xx_crc.o)
 .ARM.attributes
                0x0000051b       0x31 lib/libstm32f0.a(stm32f0xx_dma.o)
 .ARM.attributes
                0x0000054c       0x31 lib/libstm32f0.a(stm32f0xx_flash.o)
 .ARM.attributes
                0x0000057d       0x31 lib/libstm32f0.a(stm32f0xx_i2c.o)
 .ARM.attributes
                0x000005ae       0x31 lib/libstm32f0.a(stm32f0xx_misc.o)
 .ARM.attributes
                0x000005df       0x31 lib/libstm32f0.a(stm32f0xx_rcc.o)
 .ARM.attributes
                0x00000610       0x31 lib/libstm32f0.a(stm32f0xx_spi.o)
 .ARM.attributes
                0x00000641       0x31 lib/libstm32f0.a(stm32f0xx_syscfg.o)
 .ARM.attributes
                0x00000672       0x31 lib/libstm32f0.a(stm32f0xx_tim.o)
 .ARM.attributes
                0x000006a3       0x31 lib/libstm32f0.a(stm32f0xx_usart.o)
 .ARM.attributes
                0x000006d4       0x31 lib/libstm32f0.a(stm32f0xx_wwdg.o)
 .ARM.attributes
                0x00000705       0x1e /media/data/src/x-tools/gcc-arm-none-eabi-4_7-2013q1/bin/../lib/gcc/arm-none-eabi/4.7.3/armv6-m/libgcc.a(_thumb1_case_uqi.o)
 .ARM.attributes
                0x00000723       0x1e /media/data/src/x-tools/gcc-arm-none-eabi-4_7-2013q1/bin/../lib/gcc/arm-none-eabi/4.7.3/armv6-m/libgcc.a(_udivsi3.o)
 .ARM.attributes
                0x00000741       0x1e /media/data/src/x-tools/gcc-arm-none-eabi-4_7-2013q1/bin/../lib/gcc/arm-none-eabi/4.7.3/armv6-m/libgcc.a(_divsi3.o)
 .ARM.attributes
                0x0000075f       0x1e /media/data/src/x-tools/gcc-arm-none-eabi-4_7-2013q1/bin/../lib/gcc/arm-none-eabi/4.7.3/armv6-m/libgcc.a(_dvmd_tls.o)
 .ARM.attributes
                0x0000077d       0x2c /media/data/src/x-tools/gcc-arm-none-eabi-4_7-2013q1/bin/../lib/gcc/arm-none-eabi/4.7.3/../../../../arm-none-eabi/lib/armv6-m/libg.a(lib_a-memcpy.o)
 .ARM.attributes
                0x000007a9       0x2c /media/data/src/x-tools/gcc-arm-none-eabi-4_7-2013q1/bin/../lib/gcc/arm-none-eabi/4.7.3/../../../../arm-none-eabi/lib/armv6-m/libg.a(lib_a-memset.o)
 .ARM.attributes
                0x000007d5       0x2c /media/data/src/x-tools/gcc-arm-none-eabi-4_7-2013q1/bin/../lib/gcc/arm-none-eabi/4.7.3/../../../../arm-none-eabi/lib/armv6-m/libg.a(lib_a-strlen.o)

.comment        0x00000000       0x70
 .comment       0x00000000       0x70 build/obj/crt0.o
                                 0x71 (size before relaxing)
 .comment       0x00000000       0x71 build/obj/vectors.o
 .comment       0x00000000       0x71 build/obj/nilcore_v6m.o
 .comment       0x00000000       0x71 build/obj/nil.o
 .comment       0x00000000       0x71 build/obj/hal.o
 .comment       0x00000000       0x71 build/obj/st.o
 .comment       0x00000000       0x71 build/obj/nvic.o
 .comment       0x00000000       0x71 build/obj/hal_lld.o
 .comment       0x00000000       0x71 build/obj/pal_lld.o
 .comment       0x00000000       0x71 build/obj/st_lld.o
 .comment       0x00000000       0x71 build/obj/main.o
 .comment       0x00000000       0x71 build/obj/board.o
 .comment       0x00000000       0x71 build/obj/light.o
 .comment       0x00000000       0x71 build/obj/ignition.o
 .comment       0x00000000       0x71 build/obj/adc_start.o
 .comment       0x00000000       0x71 build/obj/display.o
 .comment       0x00000000       0x71 build/obj/ssd1306.o
 .comment       0x00000000       0x71 build/obj/smallfonts.o
 .comment       0x00000000       0x71 build/obj/sensors.o
 .comment       0x00000000       0x71 build/obj/settings.o
 .comment       0x00000000       0x71 build/obj/menu.o
 .comment       0x00000000       0x71 build/obj/communications.o
 .comment       0x00000000       0x71 build/obj/control.o
 .comment       0x00000000       0x71 build/obj/serial_protocol.o
 .comment       0x00000000       0x71 lib/libstm32f0.a(stm32f0xx_adc.o)
 .comment       0x00000000       0x71 lib/libstm32f0.a(stm32f0xx_crc.o)
 .comment       0x00000000       0x71 lib/libstm32f0.a(stm32f0xx_dma.o)
 .comment       0x00000000       0x71 lib/libstm32f0.a(stm32f0xx_flash.o)
 .comment       0x00000000       0x71 lib/libstm32f0.a(stm32f0xx_i2c.o)
 .comment       0x00000000       0x71 lib/libstm32f0.a(stm32f0xx_misc.o)
 .comment       0x00000000       0x71 lib/libstm32f0.a(stm32f0xx_rcc.o)
 .comment       0x00000000       0x71 lib/libstm32f0.a(stm32f0xx_spi.o)
 .comment       0x00000000       0x71 lib/libstm32f0.a(stm32f0xx_syscfg.o)
 .comment       0x00000000       0x71 lib/libstm32f0.a(stm32f0xx_tim.o)
 .comment       0x00000000       0x71 lib/libstm32f0.a(stm32f0xx_usart.o)
 .comment       0x00000000       0x71 lib/libstm32f0.a(stm32f0xx_wwdg.o)

.debug_info     0x00000000    0x1597f
 .debug_info    0x00000000      0x2d3 build/obj/crt0.o
 .debug_info    0x000002d3      0x1e3 build/obj/vectors.o
 .debug_info    0x000004b6      0x522 build/obj/nilcore_v6m.o
 .debug_info    0x000009d8     0x1230 build/obj/nil.o
 .debug_info    0x00001c08      0x447 build/obj/hal.o
 .debug_info    0x0000204f      0x30e build/obj/st.o
 .debug_info    0x0000235d      0x622 build/obj/nvic.o
 .debug_info    0x0000297f      0x4e2 build/obj/hal_lld.o
 .debug_info    0x00002e61      0x79c build/obj/pal_lld.o
 .debug_info    0x000035fd      0x5c2 build/obj/st_lld.o
 .debug_info    0x00003bbf      0xa93 build/obj/main.o
 .debug_info    0x00004652      0x548 build/obj/board.o
 .debug_info    0x00004b9a      0x882 build/obj/light.o
 .debug_info    0x0000541c      0xd34 build/obj/ignition.o
 .debug_info    0x00006150      0xa19 build/obj/adc_start.o
 .debug_info    0x00006b69     0x1177 build/obj/display.o
 .debug_info    0x00007ce0     0x13ee build/obj/ssd1306.o
 .debug_info    0x000090ce      0x203 build/obj/smallfonts.o
 .debug_info    0x000092d1     0x11eb build/obj/sensors.o
 .debug_info    0x0000a4bc      0x670 build/obj/settings.o
 .debug_info    0x0000ab2c      0x6b6 build/obj/menu.o
 .debug_info    0x0000b1e2     0x1771 build/obj/communications.o
 .debug_info    0x0000c953      0x38e build/obj/control.o
 .debug_info    0x0000cce1      0x966 build/obj/serial_protocol.o
 .debug_info    0x0000d647      0xa25 lib/libstm32f0.a(stm32f0xx_adc.o)
 .debug_info    0x0000e06c      0x2fa lib/libstm32f0.a(stm32f0xx_crc.o)
 .debug_info    0x0000e366      0x49b lib/libstm32f0.a(stm32f0xx_dma.o)
 .debug_info    0x0000e801      0xdf5 lib/libstm32f0.a(stm32f0xx_flash.o)
 .debug_info    0x0000f5f6      0xd2b lib/libstm32f0.a(stm32f0xx_i2c.o)
 .debug_info    0x00010321      0x448 lib/libstm32f0.a(stm32f0xx_misc.o)
 .debug_info    0x00010769      0xdaa lib/libstm32f0.a(stm32f0xx_rcc.o)
 .debug_info    0x00011513      0xc4b lib/libstm32f0.a(stm32f0xx_spi.o)
 .debug_info    0x0001215e      0x346 lib/libstm32f0.a(stm32f0xx_syscfg.o)
 .debug_info    0x000124a4     0x2214 lib/libstm32f0.a(stm32f0xx_tim.o)
 .debug_info    0x000146b8     0x1029 lib/libstm32f0.a(stm32f0xx_usart.o)
 .debug_info    0x000156e1      0x29e lib/libstm32f0.a(stm32f0xx_wwdg.o)

.debug_abbrev   0x00000000     0x4cdb
 .debug_abbrev  0x00000000       0xf6 build/obj/crt0.o
 .debug_abbrev  0x000000f6       0xb1 build/obj/vectors.o
 .debug_abbrev  0x000001a7      0x213 build/obj/nilcore_v6m.o
 .debug_abbrev  0x000003ba      0x3b0 build/obj/nil.o
 .debug_abbrev  0x0000076a      0x1a3 build/obj/hal.o
 .debug_abbrev  0x0000090d      0x142 build/obj/st.o
 .debug_abbrev  0x00000a4f      0x170 build/obj/nvic.o
 .debug_abbrev  0x00000bbf      0x15c build/obj/hal_lld.o
 .debug_abbrev  0x00000d1b      0x1d7 build/obj/pal_lld.o
 .debug_abbrev  0x00000ef2      0x1f0 build/obj/st_lld.o
 .debug_abbrev  0x000010e2      0x219 build/obj/main.o
 .debug_abbrev  0x000012fb      0x181 build/obj/board.o
 .debug_abbrev  0x0000147c      0x1f3 build/obj/light.o
 .debug_abbrev  0x0000166f      0x2db build/obj/ignition.o
 .debug_abbrev  0x0000194a      0x1ff build/obj/adc_start.o
 .debug_abbrev  0x00001b49      0x28f build/obj/display.o
 .debug_abbrev  0x00001dd8      0x3a9 build/obj/ssd1306.o
 .debug_abbrev  0x00002181       0x9e build/obj/smallfonts.o
 .debug_abbrev  0x0000221f      0x359 build/obj/sensors.o
 .debug_abbrev  0x00002578      0x274 build/obj/settings.o
 .debug_abbrev  0x000027ec      0x220 build/obj/menu.o
 .debug_abbrev  0x00002a0c      0x398 build/obj/communications.o
 .debug_abbrev  0x00002da4      0x18a build/obj/control.o
 .debug_abbrev  0x00002f2e      0x25f build/obj/serial_protocol.o
 .debug_abbrev  0x0000318d      0x297 lib/libstm32f0.a(stm32f0xx_adc.o)
 .debug_abbrev  0x00003424      0x1e6 lib/libstm32f0.a(stm32f0xx_crc.o)
 .debug_abbrev  0x0000360a      0x20f lib/libstm32f0.a(stm32f0xx_dma.o)
 .debug_abbrev  0x00003819      0x311 lib/libstm32f0.a(stm32f0xx_flash.o)
 .debug_abbrev  0x00003b2a      0x260 lib/libstm32f0.a(stm32f0xx_i2c.o)
 .debug_abbrev  0x00003d8a      0x184 lib/libstm32f0.a(stm32f0xx_misc.o)
 .debug_abbrev  0x00003f0e      0x2e4 lib/libstm32f0.a(stm32f0xx_rcc.o)
 .debug_abbrev  0x000041f2      0x298 lib/libstm32f0.a(stm32f0xx_spi.o)
 .debug_abbrev  0x0000448a      0x1bc lib/libstm32f0.a(stm32f0xx_syscfg.o)
 .debug_abbrev  0x00004646      0x2d9 lib/libstm32f0.a(stm32f0xx_tim.o)
 .debug_abbrev  0x0000491f      0x248 lib/libstm32f0.a(stm32f0xx_usart.o)
 .debug_abbrev  0x00004b67      0x174 lib/libstm32f0.a(stm32f0xx_wwdg.o)

.debug_loc      0x00000000     0x9b24
 .debug_loc     0x00000000       0xaf build/obj/crt0.o
 .debug_loc     0x000000af       0x20 build/obj/vectors.o
 .debug_loc     0x000000cf       0xb3 build/obj/nilcore_v6m.o
 .debug_loc     0x00000182      0x88d build/obj/nil.o
 .debug_loc     0x00000a0f       0x20 build/obj/hal.o
 .debug_loc     0x00000a2f       0x20 build/obj/st.o
 .debug_loc     0x00000a4f       0xa5 build/obj/nvic.o
 .debug_loc     0x00000af4       0x40 build/obj/hal_lld.o
 .debug_loc     0x00000b34      0x278 build/obj/pal_lld.o
 .debug_loc     0x00000dac       0x53 build/obj/st_lld.o
 .debug_loc     0x00000dff      0x1a6 build/obj/main.o
 .debug_loc     0x00000fa5       0x20 build/obj/board.o
 .debug_loc     0x00000fc5      0x15f build/obj/light.o
 .debug_loc     0x00001124       0xcb build/obj/ignition.o
 .debug_loc     0x000011ef       0x4d build/obj/adc_start.o
 .debug_loc     0x0000123c      0x288 build/obj/display.o
 .debug_loc     0x000014c4      0xa70 build/obj/ssd1306.o
 .debug_loc     0x00001f34      0x23a build/obj/sensors.o
 .debug_loc     0x0000216e      0x14d build/obj/settings.o
 .debug_loc     0x000022bb      0x193 build/obj/menu.o
 .debug_loc     0x0000244e      0x821 build/obj/communications.o
 .debug_loc     0x00002c6f       0x20 build/obj/control.o
 .debug_loc     0x00002c8f      0x277 build/obj/serial_protocol.o
 .debug_loc     0x00002f06      0x860 lib/libstm32f0.a(stm32f0xx_adc.o)
 .debug_loc     0x00003766      0x100 lib/libstm32f0.a(stm32f0xx_crc.o)
 .debug_loc     0x00003866      0x2a5 lib/libstm32f0.a(stm32f0xx_dma.o)
 .debug_loc     0x00003b0b      0xc31 lib/libstm32f0.a(stm32f0xx_flash.o)
 .debug_loc     0x0000473c      0xe1b lib/libstm32f0.a(stm32f0xx_i2c.o)
 .debug_loc     0x00005557      0x160 lib/libstm32f0.a(stm32f0xx_misc.o)
 .debug_loc     0x000056b7      0xb4b lib/libstm32f0.a(stm32f0xx_rcc.o)
 .debug_loc     0x00006202      0x8db lib/libstm32f0.a(stm32f0xx_spi.o)
 .debug_loc     0x00006add      0x24e lib/libstm32f0.a(stm32f0xx_syscfg.o)
 .debug_loc     0x00006d2b     0x1f2a lib/libstm32f0.a(stm32f0xx_tim.o)
 .debug_loc     0x00008c55      0xd88 lib/libstm32f0.a(stm32f0xx_usart.o)
 .debug_loc     0x000099dd      0x147 lib/libstm32f0.a(stm32f0xx_wwdg.o)

.debug_aranges  0x00000000     0x1220
 .debug_aranges
                0x00000000       0x38 build/obj/crt0.o
 .debug_aranges
                0x00000038       0x20 build/obj/vectors.o
 .debug_aranges
                0x00000058       0x28 build/obj/nilcore_v6m.o
 .debug_aranges
                0x00000080       0xc8 build/obj/nil.o
 .debug_aranges
                0x00000148       0x20 build/obj/hal.o
 .debug_aranges
                0x00000168       0x20 build/obj/st.o
 .debug_aranges
                0x00000188       0x30 build/obj/nvic.o
 .debug_aranges
                0x000001b8       0x28 build/obj/hal_lld.o
 .debug_aranges
                0x000001e0       0x30 build/obj/pal_lld.o
 .debug_aranges
                0x00000210       0x28 build/obj/st_lld.o
 .debug_aranges
                0x00000238       0x50 build/obj/main.o
 .debug_aranges
                0x00000288       0x28 build/obj/board.o
 .debug_aranges
                0x000002b0       0x28 build/obj/light.o
 .debug_aranges
                0x000002d8       0x30 build/obj/ignition.o
 .debug_aranges
                0x00000308       0x28 build/obj/adc_start.o
 .debug_aranges
                0x00000330       0x68 build/obj/display.o
 .debug_aranges
                0x00000398       0x98 build/obj/ssd1306.o
 .debug_aranges
                0x00000430       0x18 build/obj/smallfonts.o
 .debug_aranges
                0x00000448       0x68 build/obj/sensors.o
 .debug_aranges
                0x000004b0       0x30 build/obj/settings.o
 .debug_aranges
                0x000004e0       0x28 build/obj/menu.o
 .debug_aranges
                0x00000508       0x80 build/obj/communications.o
 .debug_aranges
                0x00000588       0x20 build/obj/control.o
 .debug_aranges
                0x000005a8       0x68 build/obj/serial_protocol.o
 .debug_aranges
                0x00000610      0x100 lib/libstm32f0.a(stm32f0xx_adc.o)
 .debug_aranges
                0x00000710       0x68 lib/libstm32f0.a(stm32f0xx_crc.o)
 .debug_aranges
                0x00000778       0x70 lib/libstm32f0.a(stm32f0xx_dma.o)
 .debug_aranges
                0x000007e8      0x100 lib/libstm32f0.a(stm32f0xx_flash.o)
 .debug_aranges
                0x000008e8      0x168 lib/libstm32f0.a(stm32f0xx_i2c.o)
 .debug_aranges
                0x00000a50       0x30 lib/libstm32f0.a(stm32f0xx_misc.o)
 .debug_aranges
                0x00000a80      0x150 lib/libstm32f0.a(stm32f0xx_rcc.o)
 .debug_aranges
                0x00000bd0      0x110 lib/libstm32f0.a(stm32f0xx_spi.o)
 .debug_aranges
                0x00000ce0       0x58 lib/libstm32f0.a(stm32f0xx_syscfg.o)
 .debug_aranges
                0x00000d38      0x2f0 lib/libstm32f0.a(stm32f0xx_tim.o)
 .debug_aranges
                0x00001028      0x1a0 lib/libstm32f0.a(stm32f0xx_usart.o)
 .debug_aranges
                0x000011c8       0x58 lib/libstm32f0.a(stm32f0xx_wwdg.o)

.debug_ranges   0x00000000     0x13c8
 .debug_ranges  0x00000000       0x28 build/obj/crt0.o
 .debug_ranges  0x00000028       0x10 build/obj/vectors.o
 .debug_ranges  0x00000038       0x18 build/obj/nilcore_v6m.o
 .debug_ranges  0x00000050      0x118 build/obj/nil.o
 .debug_ranges  0x00000168       0x10 build/obj/hal.o
 .debug_ranges  0x00000178       0x10 build/obj/st.o
 .debug_ranges  0x00000188       0x20 build/obj/nvic.o
 .debug_ranges  0x000001a8       0x30 build/obj/hal_lld.o
 .debug_ranges  0x000001d8       0x20 build/obj/pal_lld.o
 .debug_ranges  0x000001f8       0x18 build/obj/st_lld.o
 .debug_ranges  0x00000210       0x40 build/obj/main.o
 .debug_ranges  0x00000250       0x18 build/obj/board.o
 .debug_ranges  0x00000268       0x18 build/obj/light.o
 .debug_ranges  0x00000280       0x50 build/obj/ignition.o
 .debug_ranges  0x000002d0       0x18 build/obj/adc_start.o
 .debug_ranges  0x000002e8       0x58 build/obj/display.o
 .debug_ranges  0x00000340       0xe8 build/obj/ssd1306.o
 .debug_ranges  0x00000428       0x58 build/obj/sensors.o
 .debug_ranges  0x00000480       0x20 build/obj/settings.o
 .debug_ranges  0x000004a0       0x18 build/obj/menu.o
 .debug_ranges  0x000004b8       0x70 build/obj/communications.o
 .debug_ranges  0x00000528       0x10 build/obj/control.o
 .debug_ranges  0x00000538       0x58 build/obj/serial_protocol.o
 .debug_ranges  0x00000590      0x180 lib/libstm32f0.a(stm32f0xx_adc.o)
 .debug_ranges  0x00000710       0x88 lib/libstm32f0.a(stm32f0xx_crc.o)
 .debug_ranges  0x00000798       0x60 lib/libstm32f0.a(stm32f0xx_dma.o)
 .debug_ranges  0x000007f8      0x120 lib/libstm32f0.a(stm32f0xx_flash.o)
 .debug_ranges  0x00000918      0x158 lib/libstm32f0.a(stm32f0xx_i2c.o)
 .debug_ranges  0x00000a70       0x68 lib/libstm32f0.a(stm32f0xx_misc.o)
 .debug_ranges  0x00000ad8      0x2c0 lib/libstm32f0.a(stm32f0xx_rcc.o)
 .debug_ranges  0x00000d98      0x100 lib/libstm32f0.a(stm32f0xx_spi.o)
 .debug_ranges  0x00000e98       0x48 lib/libstm32f0.a(stm32f0xx_syscfg.o)
 .debug_ranges  0x00000ee0      0x310 lib/libstm32f0.a(stm32f0xx_tim.o)
 .debug_ranges  0x000011f0      0x190 lib/libstm32f0.a(stm32f0xx_usart.o)
 .debug_ranges  0x00001380       0x48 lib/libstm32f0.a(stm32f0xx_wwdg.o)

.debug_line     0x00000000     0x7fcb
 .debug_line    0x00000000      0x175 build/obj/crt0.o
 .debug_line    0x00000175       0xe7 build/obj/vectors.o
 .debug_line    0x0000025c      0x1ba build/obj/nilcore_v6m.o
 .debug_line    0x00000416      0x4ba build/obj/nil.o
 .debug_line    0x000008d0      0x1e1 build/obj/hal.o
 .debug_line    0x00000ab1      0x170 build/obj/st.o
 .debug_line    0x00000c21      0x1cd build/obj/nvic.o
 .debug_line    0x00000dee      0x1d0 build/obj/hal_lld.o
 .debug_line    0x00000fbe      0x1fc build/obj/pal_lld.o
 .debug_line    0x000011ba      0x224 build/obj/st_lld.o
 .debug_line    0x000013de      0x270 build/obj/main.o
 .debug_line    0x0000164e      0x1ce build/obj/board.o
 .debug_line    0x0000181c      0x1f0 build/obj/light.o
 .debug_line    0x00001a0c      0x2a4 build/obj/ignition.o
 .debug_line    0x00001cb0      0x223 build/obj/adc_start.o
 .debug_line    0x00001ed3      0x390 build/obj/display.o
 .debug_line    0x00002263      0x590 build/obj/ssd1306.o
 .debug_line    0x000027f3       0xcb build/obj/smallfonts.o
 .debug_line    0x000028be      0x390 build/obj/sensors.o
 .debug_line    0x00002c4e      0x1e3 build/obj/settings.o
 .debug_line    0x00002e31      0x201 build/obj/menu.o
 .debug_line    0x00003032      0x509 build/obj/communications.o
 .debug_line    0x0000353b      0x159 build/obj/control.o
 .debug_line    0x00003694      0x248 build/obj/serial_protocol.o
 .debug_line    0x000038dc      0x5af lib/libstm32f0.a(stm32f0xx_adc.o)
 .debug_line    0x00003e8b      0x3f1 lib/libstm32f0.a(stm32f0xx_crc.o)
 .debug_line    0x0000427c      0x436 lib/libstm32f0.a(stm32f0xx_dma.o)
 .debug_line    0x000046b2      0x64e lib/libstm32f0.a(stm32f0xx_flash.o)
 .debug_line    0x00004d00      0x6fe lib/libstm32f0.a(stm32f0xx_i2c.o)
 .debug_line    0x000053fe      0x359 lib/libstm32f0.a(stm32f0xx_misc.o)
 .debug_line    0x00005757      0x6cb lib/libstm32f0.a(stm32f0xx_rcc.o)
 .debug_line    0x00005e22      0x636 lib/libstm32f0.a(stm32f0xx_spi.o)
 .debug_line    0x00006458      0x3d1 lib/libstm32f0.a(stm32f0xx_syscfg.o)
 .debug_line    0x00006829      0xc33 lib/libstm32f0.a(stm32f0xx_tim.o)
 .debug_line    0x0000745c      0x7be lib/libstm32f0.a(stm32f0xx_usart.o)
 .debug_line    0x00007c1a      0x3b1 lib/libstm32f0.a(stm32f0xx_wwdg.o)

.debug_str      0x00000000    0x303e0
 .debug_str     0x00000000      0x1b1 build/obj/crt0.o
                                0x23b (size before relaxing)
 .debug_str     0x000001b1      0x149 build/obj/vectors.o
                                0x257 (size before relaxing)
 .debug_str     0x000002fa      0x1a4 build/obj/nilcore_v6m.o
                                0x2bb (size before relaxing)
 .debug_str     0x0000049e      0x4b4 build/obj/nil.o
                                0x70f (size before relaxing)
 .debug_str     0x00000952       0xc8 build/obj/hal.o
                                0x2ab (size before relaxing)
 .debug_str     0x00000a1a       0x1e build/obj/st.o
                                0x208 (size before relaxing)
 .debug_str     0x00000a38       0x69 build/obj/nvic.o
                                0x48a (size before relaxing)
 .debug_str     0x00000aa1       0xcd build/obj/hal_lld.o
                                0x2c7 (size before relaxing)
 .debug_str     0x00000b6e       0xc1 build/obj/pal_lld.o
                                0x37b (size before relaxing)
 .debug_str     0x00000c2f       0x92 build/obj/st_lld.o
                                0x4df (size before relaxing)
 .debug_str     0x00000cc1      0x138 build/obj/main.o
                                0x499 (size before relaxing)
 .debug_str     0x00000df9        0xc build/obj/board.o
                                0x306 (size before relaxing)
 .debug_str     0x00000e05      0x270 build/obj/light.o
                                0x4f1 (size before relaxing)
 .debug_str     0x00001075      0x123 build/obj/ignition.o
                                0x7ef (size before relaxing)
 .debug_str     0x00001198      0x310 build/obj/adc_start.o
                                0x557 (size before relaxing)
 .debug_str     0x000014a8      0x259 build/obj/display.o
                                0x58f (size before relaxing)
 .debug_str     0x00001701      0x17e build/obj/ssd1306.o
                                0x736 (size before relaxing)
 .debug_str     0x0000187f       0x83 build/obj/smallfonts.o
                                0x1df (size before relaxing)
 .debug_str     0x00001902      0x2c1 build/obj/sensors.o
                                0x981 (size before relaxing)
 .debug_str     0x00001bc3       0xf1 build/obj/settings.o
                                0x3b5 (size before relaxing)
 .debug_str     0x00001cb4       0x2d build/obj/menu.o
                                0x353 (size before relaxing)
 .debug_str     0x00001ce1      0x341 build/obj/communications.o
                                0x9c0 (size before relaxing)
 .debug_str     0x00002022       0x1b build/obj/control.o
                                0x256 (size before relaxing)
 .debug_str     0x0000203d       0x90 build/obj/serial_protocol.o
                                0x45d (size before relaxing)
 .debug_str     0x000020cd    0x2bad9 lib/libstm32f0.a(stm32f0xx_adc.o)
                              0x2be52 (size before relaxing)
 .debug_str     0x0002dba6      0x133 lib/libstm32f0.a(stm32f0xx_crc.o)
                              0x2bb24 (size before relaxing)
 .debug_str     0x0002dcd9      0x2c0 lib/libstm32f0.a(stm32f0xx_dma.o)
                              0x2bdf1 (size before relaxing)
 .debug_str     0x0002df99      0x2d5 lib/libstm32f0.a(stm32f0xx_flash.o)
                              0x2bdba (size before relaxing)
 .debug_str     0x0002e26e      0x436 lib/libstm32f0.a(stm32f0xx_i2c.o)
                              0x2bf48 (size before relaxing)
 .debug_str     0x0002e6a4       0x97 lib/libstm32f0.a(stm32f0xx_misc.o)
                              0x2bb3c (size before relaxing)
 .debug_str     0x0002e73b      0x561 lib/libstm32f0.a(stm32f0xx_rcc.o)
                              0x2c01e (size before relaxing)
 .debug_str     0x0002ec9c      0x3ee lib/libstm32f0.a(stm32f0xx_spi.o)
                              0x2c005 (size before relaxing)
 .debug_str     0x0002f08a      0x15b lib/libstm32f0.a(stm32f0xx_syscfg.o)
                              0x2bb61 (size before relaxing)
 .debug_str     0x0002f1e5      0x9ca lib/libstm32f0.a(stm32f0xx_tim.o)
                              0x2c6c8 (size before relaxing)
 .debug_str     0x0002fbaf      0x748 lib/libstm32f0.a(stm32f0xx_usart.o)
                              0x2c2f6 (size before relaxing)
 .debug_str     0x000302f7       0xe9 lib/libstm32f0.a(stm32f0xx_wwdg.o)
                              0x2bb31 (size before relaxing)

.debug_frame    0x00000000     0x2d68
 .debug_frame   0x00000000       0x58 build/obj/crt0.o
 .debug_frame   0x00000058       0x28 build/obj/vectors.o
 .debug_frame   0x00000080       0x38 build/obj/nilcore_v6m.o
 .debug_frame   0x000000b8      0x278 build/obj/nil.o
 .debug_frame   0x00000330       0x2c build/obj/hal.o
 .debug_frame   0x0000035c       0x2c build/obj/st.o
 .debug_frame   0x00000388       0x40 build/obj/nvic.o
 .debug_frame   0x000003c8       0x44 build/obj/hal_lld.o
 .debug_frame   0x0000040c       0x64 build/obj/pal_lld.o
 .debug_frame   0x00000470       0x48 build/obj/st_lld.o
 .debug_frame   0x000004b8       0xd4 build/obj/main.o
 .debug_frame   0x0000058c       0x3c build/obj/board.o
 .debug_frame   0x000005c8       0x50 build/obj/light.o
 .debug_frame   0x00000618       0x60 build/obj/ignition.o
 .debug_frame   0x00000678       0x50 build/obj/adc_start.o
 .debug_frame   0x000006c8      0x19c build/obj/display.o
 .debug_frame   0x00000864      0x22c build/obj/ssd1306.o
 .debug_frame   0x00000a90      0x158 build/obj/sensors.o
 .debug_frame   0x00000be8       0x78 build/obj/settings.o
 .debug_frame   0x00000c60       0x58 build/obj/menu.o
 .debug_frame   0x00000cb8      0x1f4 build/obj/communications.o
 .debug_frame   0x00000eac       0x2c build/obj/control.o
 .debug_frame   0x00000ed8      0x12c build/obj/serial_protocol.o
 .debug_frame   0x00001004      0x278 lib/libstm32f0.a(stm32f0xx_adc.o)
 .debug_frame   0x0000127c       0xc0 lib/libstm32f0.a(stm32f0xx_crc.o)
 .debug_frame   0x0000133c       0xe0 lib/libstm32f0.a(stm32f0xx_dma.o)
 .debug_frame   0x0000141c      0x2c4 lib/libstm32f0.a(stm32f0xx_flash.o)
 .debug_frame   0x000016e0      0x398 lib/libstm32f0.a(stm32f0xx_i2c.o)
 .debug_frame   0x00001a78       0x5c lib/libstm32f0.a(stm32f0xx_misc.o)
 .debug_frame   0x00001ad4      0x320 lib/libstm32f0.a(stm32f0xx_rcc.o)
 .debug_frame   0x00001df4      0x284 lib/libstm32f0.a(stm32f0xx_spi.o)
 .debug_frame   0x00002078       0xac lib/libstm32f0.a(stm32f0xx_syscfg.o)
 .debug_frame   0x00002124      0x6f4 lib/libstm32f0.a(stm32f0xx_tim.o)
 .debug_frame   0x00002818      0x3f0 lib/libstm32f0.a(stm32f0xx_usart.o)
 .debug_frame   0x00002c08       0x9c lib/libstm32f0.a(stm32f0xx_wwdg.o)
 .debug_frame   0x00002ca4       0x20 /media/data/src/x-tools/gcc-arm-none-eabi-4_7-2013q1/bin/../lib/gcc/arm-none-eabi/4.7.3/armv6-m/libgcc.a(_udivsi3.o)
 .debug_frame   0x00002cc4       0x20 /media/data/src/x-tools/gcc-arm-none-eabi-4_7-2013q1/bin/../lib/gcc/arm-none-eabi/4.7.3/armv6-m/libgcc.a(_divsi3.o)
 .debug_frame   0x00002ce4       0x34 /media/data/src/x-tools/gcc-arm-none-eabi-4_7-2013q1/bin/../lib/gcc/arm-none-eabi/4.7.3/../../../../arm-none-eabi/lib/armv6-m/libg.a(lib_a-memcpy.o)
 .debug_frame   0x00002d18       0x30 /media/data/src/x-tools/gcc-arm-none-eabi-4_7-2013q1/bin/../lib/gcc/arm-none-eabi/4.7.3/../../../../arm-none-eabi/lib/armv6-m/libg.a(lib_a-memset.o)
 .debug_frame   0x00002d48       0x20 /media/data/src/x-tools/gcc-arm-none-eabi-4_7-2013q1/bin/../lib/gcc/arm-none-eabi/4.7.3/../../../../arm-none-eabi/lib/armv6-m/libg.a(lib_a-strlen.o)

.debug_macro    0x00000000     0x9352
 .debug_macro   0x00000000      0x145 lib/libstm32f0.a(stm32f0xx_adc.o)
 .debug_macro   0x00000145      0x7d8 lib/libstm32f0.a(stm32f0xx_adc.o)
 .debug_macro   0x0000091d       0x81 lib/libstm32f0.a(stm32f0xx_adc.o)
 .debug_macro   0x0000099e       0x34 lib/libstm32f0.a(stm32f0xx_adc.o)
 .debug_macro   0x000009d2      0x34e lib/libstm32f0.a(stm32f0xx_adc.o)
 .debug_macro   0x00000d20      0x249 lib/libstm32f0.a(stm32f0xx_adc.o)
 .debug_macro   0x00000f69     0x331f lib/libstm32f0.a(stm32f0xx_adc.o)
 .debug_macro   0x00004288      0x18b lib/libstm32f0.a(stm32f0xx_adc.o)
 .debug_macro   0x00004413       0x28 lib/libstm32f0.a(stm32f0xx_adc.o)
 .debug_macro   0x0000443b       0xe7 lib/libstm32f0.a(stm32f0xx_adc.o)
 .debug_macro   0x00004522       0x93 lib/libstm32f0.a(stm32f0xx_adc.o)
 .debug_macro   0x000045b5       0x70 lib/libstm32f0.a(stm32f0xx_adc.o)
 .debug_macro   0x00004625      0x225 lib/libstm32f0.a(stm32f0xx_adc.o)
 .debug_macro   0x0000484a       0xb8 lib/libstm32f0.a(stm32f0xx_adc.o)
 .debug_macro   0x00004902      0x16f lib/libstm32f0.a(stm32f0xx_adc.o)
 .debug_macro   0x00004a71      0x123 lib/libstm32f0.a(stm32f0xx_adc.o)
 .debug_macro   0x00004b94      0x2a0 lib/libstm32f0.a(stm32f0xx_adc.o)
 .debug_macro   0x00004e34       0x70 lib/libstm32f0.a(stm32f0xx_adc.o)
 .debug_macro   0x00004ea4       0xb2 lib/libstm32f0.a(stm32f0xx_adc.o)
 .debug_macro   0x00004f56      0x44c lib/libstm32f0.a(stm32f0xx_adc.o)
 .debug_macro   0x000053a2      0x455 lib/libstm32f0.a(stm32f0xx_adc.o)
 .debug_macro   0x000057f7      0x396 lib/libstm32f0.a(stm32f0xx_adc.o)
 .debug_macro   0x00005b8d      0x750 lib/libstm32f0.a(stm32f0xx_adc.o)
 .debug_macro   0x000062dd      0x34d lib/libstm32f0.a(stm32f0xx_adc.o)
 .debug_macro   0x0000662a       0x34 lib/libstm32f0.a(stm32f0xx_adc.o)
 .debug_macro   0x0000665e       0x3a lib/libstm32f0.a(stm32f0xx_adc.o)
 .debug_macro   0x00006698      0x2ce lib/libstm32f0.a(stm32f0xx_adc.o)
 .debug_macro   0x00006966      0x139 lib/libstm32f0.a(stm32f0xx_crc.o)
 .debug_macro   0x00006a9f      0x191 lib/libstm32f0.a(stm32f0xx_crc.o)
 .debug_macro   0x00006c30       0x22 lib/libstm32f0.a(stm32f0xx_crc.o)
 .debug_macro   0x00006c52      0x15d lib/libstm32f0.a(stm32f0xx_dma.o)
 .debug_macro   0x00006daf      0x21f lib/libstm32f0.a(stm32f0xx_dma.o)
 .debug_macro   0x00006fce      0x139 lib/libstm32f0.a(stm32f0xx_flash.o)
 .debug_macro   0x00007107      0x169 lib/libstm32f0.a(stm32f0xx_flash.o)
 .debug_macro   0x00007270      0x157 lib/libstm32f0.a(stm32f0xx_i2c.o)
 .debug_macro   0x000073c7      0x29a lib/libstm32f0.a(stm32f0xx_i2c.o)
 .debug_macro   0x00007661      0x139 lib/libstm32f0.a(stm32f0xx_misc.o)
 .debug_macro   0x0000779a       0x34 lib/libstm32f0.a(stm32f0xx_misc.o)
 .debug_macro   0x000077ce      0x157 lib/libstm32f0.a(stm32f0xx_rcc.o)
 .debug_macro   0x00007925      0x446 lib/libstm32f0.a(stm32f0xx_rcc.o)
 .debug_macro   0x00007d6b      0x151 lib/libstm32f0.a(stm32f0xx_spi.o)
 .debug_macro   0x00007ebc      0x390 lib/libstm32f0.a(stm32f0xx_spi.o)
 .debug_macro   0x0000824c      0x139 lib/libstm32f0.a(stm32f0xx_syscfg.o)
 .debug_macro   0x00008385      0x11d lib/libstm32f0.a(stm32f0xx_syscfg.o)
 .debug_macro   0x000084a2      0x155 lib/libstm32f0.a(stm32f0xx_tim.o)
 .debug_macro   0x000085f7      0x74a lib/libstm32f0.a(stm32f0xx_tim.o)
 .debug_macro   0x00008d41      0x151 lib/libstm32f0.a(stm32f0xx_usart.o)
 .debug_macro   0x00008e92      0x347 lib/libstm32f0.a(stm32f0xx_usart.o)
 .debug_macro   0x000091d9      0x14b lib/libstm32f0.a(stm32f0xx_wwdg.o)
 .debug_macro   0x00009324       0x2e lib/libstm32f0.a(stm32f0xx_wwdg.o)

Cross Reference Table

Symbol                                            File
ADC_AnalogWatchdogCmd                             lib/libstm32f0.a(stm32f0xx_adc.o)
ADC_AnalogWatchdogSingleChannelCmd                lib/libstm32f0.a(stm32f0xx_adc.o)
ADC_AnalogWatchdogSingleChannelConfig             lib/libstm32f0.a(stm32f0xx_adc.o)
ADC_AnalogWatchdogThresholdsConfig                lib/libstm32f0.a(stm32f0xx_adc.o)
ADC_AutoPowerOffCmd                               lib/libstm32f0.a(stm32f0xx_adc.o)
ADC_ChannelConfig                                 lib/libstm32f0.a(stm32f0xx_adc.o)
                                                  build/obj/adc_start.o
ADC_ClearFlag                                     lib/libstm32f0.a(stm32f0xx_adc.o)
ADC_ClearITPendingBit                             lib/libstm32f0.a(stm32f0xx_adc.o)
ADC_Cmd                                           lib/libstm32f0.a(stm32f0xx_adc.o)
                                                  build/obj/adc_start.o
ADC_ContinuousModeCmd                             lib/libstm32f0.a(stm32f0xx_adc.o)
ADC_DMACmd                                        lib/libstm32f0.a(stm32f0xx_adc.o)
                                                  build/obj/adc_start.o
ADC_DMARequestModeConfig                          lib/libstm32f0.a(stm32f0xx_adc.o)
                                                  build/obj/adc_start.o
ADC_DeInit                                        lib/libstm32f0.a(stm32f0xx_adc.o)
ADC_DiscModeCmd                                   lib/libstm32f0.a(stm32f0xx_adc.o)
ADC_GetCalibrationFactor                          lib/libstm32f0.a(stm32f0xx_adc.o)
                                                  build/obj/adc_start.o
ADC_GetConversionValue                            lib/libstm32f0.a(stm32f0xx_adc.o)
ADC_GetFlagStatus                                 lib/libstm32f0.a(stm32f0xx_adc.o)
                                                  build/obj/adc_start.o
ADC_GetITStatus                                   lib/libstm32f0.a(stm32f0xx_adc.o)
ADC_ITConfig                                      lib/libstm32f0.a(stm32f0xx_adc.o)
ADC_Init                                          lib/libstm32f0.a(stm32f0xx_adc.o)
                                                  build/obj/adc_start.o
ADC_JitterCmd                                     lib/libstm32f0.a(stm32f0xx_adc.o)
ADC_OverrunModeCmd                                lib/libstm32f0.a(stm32f0xx_adc.o)
ADC_StartOfConversion                             lib/libstm32f0.a(stm32f0xx_adc.o)
                                                  build/obj/adc_start.o
ADC_StopOfConversion                              lib/libstm32f0.a(stm32f0xx_adc.o)
ADC_StructInit                                    lib/libstm32f0.a(stm32f0xx_adc.o)
                                                  build/obj/adc_start.o
ADC_TempSensorCmd                                 lib/libstm32f0.a(stm32f0xx_adc.o)
                                                  build/obj/adc_start.o
ADC_VbatCmd                                       lib/libstm32f0.a(stm32f0xx_adc.o)
ADC_VrefintCmd                                    lib/libstm32f0.a(stm32f0xx_adc.o)
ADC_WaitModeCmd                                   lib/libstm32f0.a(stm32f0xx_adc.o)
BusFault_Handler                                  build/obj/vectors.o
CRC_CalcBlockCRC                                  lib/libstm32f0.a(stm32f0xx_crc.o)
                                                  build/obj/settings.o
CRC_CalcCRC                                       lib/libstm32f0.a(stm32f0xx_crc.o)
CRC_DeInit                                        lib/libstm32f0.a(stm32f0xx_crc.o)
CRC_GetCRC                                        lib/libstm32f0.a(stm32f0xx_crc.o)
CRC_GetIDRegister                                 lib/libstm32f0.a(stm32f0xx_crc.o)
CRC_ResetDR                                       lib/libstm32f0.a(stm32f0xx_crc.o)
CRC_ReverseInputDataSelect                        lib/libstm32f0.a(stm32f0xx_crc.o)
CRC_ReverseOutputDataCmd                          lib/libstm32f0.a(stm32f0xx_crc.o)
CRC_SetIDRegister                                 lib/libstm32f0.a(stm32f0xx_crc.o)
CRC_SetInitRegister                               lib/libstm32f0.a(stm32f0xx_crc.o)
DMA_ClearFlag                                     lib/libstm32f0.a(stm32f0xx_dma.o)
DMA_ClearITPendingBit                             lib/libstm32f0.a(stm32f0xx_dma.o)
                                                  build/obj/adc_start.o
DMA_Cmd                                           lib/libstm32f0.a(stm32f0xx_dma.o)
                                                  build/obj/communications.o
                                                  build/obj/adc_start.o
DMA_DeInit                                        lib/libstm32f0.a(stm32f0xx_dma.o)
                                                  build/obj/communications.o
                                                  build/obj/adc_start.o
DMA_GetCurrDataCounter                            lib/libstm32f0.a(stm32f0xx_dma.o)
DMA_GetFlagStatus                                 lib/libstm32f0.a(stm32f0xx_dma.o)
DMA_GetITStatus                                   lib/libstm32f0.a(stm32f0xx_dma.o)
                                                  build/obj/adc_start.o
DMA_ITConfig                                      lib/libstm32f0.a(stm32f0xx_dma.o)
                                                  build/obj/communications.o
DMA_Init                                          lib/libstm32f0.a(stm32f0xx_dma.o)
                                                  build/obj/communications.o
                                                  build/obj/adc_start.o
DMA_SetCurrDataCounter                            lib/libstm32f0.a(stm32f0xx_dma.o)
DMA_StructInit                                    lib/libstm32f0.a(stm32f0xx_dma.o)
                                                  build/obj/communications.o
DebugMon_Handler                                  build/obj/vectors.o
FLASH_ClearFlag                                   lib/libstm32f0.a(stm32f0xx_flash.o)
                                                  build/obj/settings.o
FLASH_EraseAllPages                               lib/libstm32f0.a(stm32f0xx_flash.o)
FLASH_ErasePage                                   lib/libstm32f0.a(stm32f0xx_flash.o)
                                                  build/obj/settings.o
FLASH_GetFlagStatus                               lib/libstm32f0.a(stm32f0xx_flash.o)
FLASH_GetPrefetchBufferStatus                     lib/libstm32f0.a(stm32f0xx_flash.o)
FLASH_GetStatus                                   lib/libstm32f0.a(stm32f0xx_flash.o)
FLASH_ITConfig                                    lib/libstm32f0.a(stm32f0xx_flash.o)
FLASH_Lock                                        lib/libstm32f0.a(stm32f0xx_flash.o)
                                                  build/obj/settings.o
FLASH_OB_BOOTConfig                               lib/libstm32f0.a(stm32f0xx_flash.o)
FLASH_OB_EnableWRP                                lib/libstm32f0.a(stm32f0xx_flash.o)
FLASH_OB_Erase                                    lib/libstm32f0.a(stm32f0xx_flash.o)
FLASH_OB_GetRDP                                   lib/libstm32f0.a(stm32f0xx_flash.o)
FLASH_OB_GetUser                                  lib/libstm32f0.a(stm32f0xx_flash.o)
FLASH_OB_GetWRP                                   lib/libstm32f0.a(stm32f0xx_flash.o)
FLASH_OB_Launch                                   lib/libstm32f0.a(stm32f0xx_flash.o)
FLASH_OB_Lock                                     lib/libstm32f0.a(stm32f0xx_flash.o)
FLASH_OB_RDPConfig                                lib/libstm32f0.a(stm32f0xx_flash.o)
FLASH_OB_SRAMParityConfig                         lib/libstm32f0.a(stm32f0xx_flash.o)
FLASH_OB_Unlock                                   lib/libstm32f0.a(stm32f0xx_flash.o)
FLASH_OB_UserConfig                               lib/libstm32f0.a(stm32f0xx_flash.o)
FLASH_OB_VDDAConfig                               lib/libstm32f0.a(stm32f0xx_flash.o)
FLASH_OB_WriteUser                                lib/libstm32f0.a(stm32f0xx_flash.o)
FLASH_PrefetchBufferCmd                           lib/libstm32f0.a(stm32f0xx_flash.o)
FLASH_ProgramHalfWord                             lib/libstm32f0.a(stm32f0xx_flash.o)
FLASH_ProgramOptionByteData                       lib/libstm32f0.a(stm32f0xx_flash.o)
FLASH_ProgramWord                                 lib/libstm32f0.a(stm32f0xx_flash.o)
                                                  build/obj/settings.o
FLASH_SetLatency                                  lib/libstm32f0.a(stm32f0xx_flash.o)
FLASH_Unlock                                      lib/libstm32f0.a(stm32f0xx_flash.o)
                                                  build/obj/settings.o
FLASH_WaitForLastOperation                        lib/libstm32f0.a(stm32f0xx_flash.o)
Font_8x8                                          build/obj/smallfonts.o
Font_8x8Thin                                      build/obj/smallfonts.o
Font_System3x6                                    build/obj/smallfonts.o
Font_System5x8                                    build/obj/smallfonts.o
                                                  build/obj/menu.o
                                                  build/obj/display.o
Font_System7x8                                    build/obj/smallfonts.o
                                                  build/obj/display.o
HardFault_Handler                                 build/obj/vectors.o
I2C_10BitAddressHeaderCmd                         lib/libstm32f0.a(stm32f0xx_i2c.o)
I2C_10BitAddressingModeCmd                        lib/libstm32f0.a(stm32f0xx_i2c.o)
I2C_AcknowledgeConfig                             lib/libstm32f0.a(stm32f0xx_i2c.o)
I2C_AutoEndCmd                                    lib/libstm32f0.a(stm32f0xx_i2c.o)
I2C_CalculatePEC                                  lib/libstm32f0.a(stm32f0xx_i2c.o)
I2C_ClearFlag                                     lib/libstm32f0.a(stm32f0xx_i2c.o)
I2C_ClearITPendingBit                             lib/libstm32f0.a(stm32f0xx_i2c.o)
I2C_ClockTimeoutCmd                               lib/libstm32f0.a(stm32f0xx_i2c.o)
I2C_Cmd                                           lib/libstm32f0.a(stm32f0xx_i2c.o)
                                                  build/obj/communications.o
I2C_DMACmd                                        lib/libstm32f0.a(stm32f0xx_i2c.o)
I2C_DeInit                                        lib/libstm32f0.a(stm32f0xx_i2c.o)
I2C_DualAddressCmd                                lib/libstm32f0.a(stm32f0xx_i2c.o)
I2C_ExtendedClockTimeoutCmd                       lib/libstm32f0.a(stm32f0xx_i2c.o)
I2C_GeneralCallCmd                                lib/libstm32f0.a(stm32f0xx_i2c.o)
I2C_GenerateSTART                                 lib/libstm32f0.a(stm32f0xx_i2c.o)
I2C_GenerateSTOP                                  lib/libstm32f0.a(stm32f0xx_i2c.o)
I2C_GetAddressMatched                             lib/libstm32f0.a(stm32f0xx_i2c.o)
I2C_GetFlagStatus                                 lib/libstm32f0.a(stm32f0xx_i2c.o)
                                                  build/obj/communications.o
I2C_GetITStatus                                   lib/libstm32f0.a(stm32f0xx_i2c.o)
I2C_GetPEC                                        lib/libstm32f0.a(stm32f0xx_i2c.o)
I2C_GetTransferDirection                          lib/libstm32f0.a(stm32f0xx_i2c.o)
I2C_ITConfig                                      lib/libstm32f0.a(stm32f0xx_i2c.o)
I2C_IdleClockTimeoutCmd                           lib/libstm32f0.a(stm32f0xx_i2c.o)
I2C_Init                                          lib/libstm32f0.a(stm32f0xx_i2c.o)
                                                  build/obj/communications.o
I2C_MasterRequestConfig                           lib/libstm32f0.a(stm32f0xx_i2c.o)
I2C_NumberOfBytesConfig                           lib/libstm32f0.a(stm32f0xx_i2c.o)
I2C_OwnAddress2Config                             lib/libstm32f0.a(stm32f0xx_i2c.o)
I2C_PECRequestCmd                                 lib/libstm32f0.a(stm32f0xx_i2c.o)
I2C_ReadRegister                                  lib/libstm32f0.a(stm32f0xx_i2c.o)
I2C_ReceiveData                                   lib/libstm32f0.a(stm32f0xx_i2c.o)
I2C_ReloadCmd                                     lib/libstm32f0.a(stm32f0xx_i2c.o)
I2C_SMBusAlertCmd                                 lib/libstm32f0.a(stm32f0xx_i2c.o)
I2C_SendData                                      lib/libstm32f0.a(stm32f0xx_i2c.o)
I2C_SlaveAddressConfig                            lib/libstm32f0.a(stm32f0xx_i2c.o)
I2C_SlaveByteControlCmd                           lib/libstm32f0.a(stm32f0xx_i2c.o)
I2C_SoftwareResetCmd                              lib/libstm32f0.a(stm32f0xx_i2c.o)
I2C_StopModeCmd                                   lib/libstm32f0.a(stm32f0xx_i2c.o)
I2C_StretchClockCmd                               lib/libstm32f0.a(stm32f0xx_i2c.o)
I2C_StructInit                                    lib/libstm32f0.a(stm32f0xx_i2c.o)
                                                  build/obj/communications.o
I2C_TimeoutAConfig                                lib/libstm32f0.a(stm32f0xx_i2c.o)
I2C_TimeoutBConfig                                lib/libstm32f0.a(stm32f0xx_i2c.o)
I2C_TransferHandling                              lib/libstm32f0.a(stm32f0xx_i2c.o)
                                                  build/obj/communications.o
I2S_Cmd                                           lib/libstm32f0.a(stm32f0xx_spi.o)
I2S_Init                                          lib/libstm32f0.a(stm32f0xx_spi.o)
I2S_StructInit                                    lib/libstm32f0.a(stm32f0xx_spi.o)
MemManage_Handler                                 build/obj/vectors.o
NMI_Handler                                       build/obj/nilcore_v6m.o
                                                  build/obj/vectors.o
NVIC_Init                                         lib/libstm32f0.a(stm32f0xx_misc.o)
                                                  build/obj/sensors.o
NVIC_SystemLPConfig                               lib/libstm32f0.a(stm32f0xx_misc.o)
PendSV_Handler                                    build/obj/vectors.o
RCC_ADCCLKConfig                                  lib/libstm32f0.a(stm32f0xx_rcc.o)
                                                  build/obj/adc_start.o
RCC_AHBPeriphClockCmd                             lib/libstm32f0.a(stm32f0xx_rcc.o)
RCC_AHBPeriphResetCmd                             lib/libstm32f0.a(stm32f0xx_rcc.o)
RCC_APB1PeriphClockCmd                            lib/libstm32f0.a(stm32f0xx_rcc.o)
RCC_APB1PeriphResetCmd                            lib/libstm32f0.a(stm32f0xx_rcc.o)
                                                  lib/libstm32f0.a(stm32f0xx_wwdg.o)
                                                  lib/libstm32f0.a(stm32f0xx_usart.o)
                                                  lib/libstm32f0.a(stm32f0xx_tim.o)
                                                  lib/libstm32f0.a(stm32f0xx_spi.o)
                                                  lib/libstm32f0.a(stm32f0xx_i2c.o)
RCC_APB2PeriphClockCmd                            lib/libstm32f0.a(stm32f0xx_rcc.o)
RCC_APB2PeriphResetCmd                            lib/libstm32f0.a(stm32f0xx_rcc.o)
                                                  lib/libstm32f0.a(stm32f0xx_usart.o)
                                                  lib/libstm32f0.a(stm32f0xx_tim.o)
                                                  lib/libstm32f0.a(stm32f0xx_spi.o)
                                                  lib/libstm32f0.a(stm32f0xx_adc.o)
RCC_AdjustHSI14CalibrationValue                   lib/libstm32f0.a(stm32f0xx_rcc.o)
RCC_AdjustHSICalibrationValue                     lib/libstm32f0.a(stm32f0xx_rcc.o)
RCC_BackupResetCmd                                lib/libstm32f0.a(stm32f0xx_rcc.o)
RCC_CECCLKConfig                                  lib/libstm32f0.a(stm32f0xx_rcc.o)
RCC_ClearFlag                                     lib/libstm32f0.a(stm32f0xx_rcc.o)
RCC_ClearITPendingBit                             lib/libstm32f0.a(stm32f0xx_rcc.o)
RCC_ClockSecuritySystemCmd                        lib/libstm32f0.a(stm32f0xx_rcc.o)
RCC_DeInit                                        lib/libstm32f0.a(stm32f0xx_rcc.o)
RCC_GetClocksFreq                                 lib/libstm32f0.a(stm32f0xx_rcc.o)
                                                  lib/libstm32f0.a(stm32f0xx_usart.o)
                                                  lib/libstm32f0.a(stm32f0xx_spi.o)
RCC_GetFlagStatus                                 lib/libstm32f0.a(stm32f0xx_rcc.o)
RCC_GetITStatus                                   lib/libstm32f0.a(stm32f0xx_rcc.o)
RCC_GetSYSCLKSource                               lib/libstm32f0.a(stm32f0xx_rcc.o)
RCC_HCLKConfig                                    lib/libstm32f0.a(stm32f0xx_rcc.o)
RCC_HSEConfig                                     lib/libstm32f0.a(stm32f0xx_rcc.o)
RCC_HSI14ADCRequestCmd                            lib/libstm32f0.a(stm32f0xx_rcc.o)
RCC_HSI14Cmd                                      lib/libstm32f0.a(stm32f0xx_rcc.o)
                                                  build/obj/adc_start.o
RCC_HSICmd                                        lib/libstm32f0.a(stm32f0xx_rcc.o)
RCC_I2CCLKConfig                                  lib/libstm32f0.a(stm32f0xx_rcc.o)
RCC_ITConfig                                      lib/libstm32f0.a(stm32f0xx_rcc.o)
RCC_LSEConfig                                     lib/libstm32f0.a(stm32f0xx_rcc.o)